2025-12-22T21:12:27.2929722Z Current runner version: '2.330.0'
2025-12-22T21:12:27.2953252Z ##[group]Runner Image Provisioner
2025-12-22T21:12:27.2954039Z Hosted Compute Agent
2025-12-22T21:12:27.2954730Z Version: 20251211.462
2025-12-22T21:12:27.2955314Z Commit: 6cbad8c2bb55d58165063d031ccabf57e2d2db61
2025-12-22T21:12:27.2955997Z Build Date: 2025-12-11T16:28:49Z
2025-12-22T21:12:27.2956667Z Worker ID: {77303d7c-9b35-4535-bae4-e915698d1a7a}
2025-12-22T21:12:27.2957286Z ##[endgroup]
2025-12-22T21:12:27.2957733Z ##[group]Operating System
2025-12-22T21:12:27.2958246Z Ubuntu
2025-12-22T21:12:27.2958691Z 24.04.3
2025-12-22T21:12:27.2959095Z LTS
2025-12-22T21:12:27.2959534Z ##[endgroup]
2025-12-22T21:12:27.2959992Z ##[group]Runner Image
2025-12-22T21:12:27.2960461Z Image: ubuntu-24.04
2025-12-22T21:12:27.2960953Z Version: 20251215.174.1
2025-12-22T21:12:27.2961896Z Included Software: https://github.com/actions/runner-images/blob/ubuntu24/20251215.174/images/ubuntu/Ubuntu2404-Readme.md
2025-12-22T21:12:27.2963714Z Image Release: https://github.com/actions/runner-images/releases/tag/ubuntu24%2F20251215.174
2025-12-22T21:12:27.2964863Z ##[endgroup]
2025-12-22T21:12:27.2965874Z ##[group]GITHUB_TOKEN Permissions
2025-12-22T21:12:27.2968280Z Contents: read
2025-12-22T21:12:27.2968843Z Metadata: read
2025-12-22T21:12:27.2969274Z ##[endgroup]
2025-12-22T21:12:27.2971358Z Secret source: Actions
2025-12-22T21:12:27.2972311Z Prepare workflow directory
2025-12-22T21:12:27.3444364Z Prepare all required actions
2025-12-22T21:12:27.3501204Z Getting action download info
2025-12-22T21:12:27.7313915Z Download action repository 'aws-actions/configure-aws-credentials@v5.1.1' (SHA:61815dcd50bd041e203e49132bacad1fd04d2708)
2025-12-22T21:12:28.1549073Z Download action repository 'actions/checkout@v2' (SHA:ee0669bd1cc54295c223e0bb666b733df41de1c5)
2025-12-22T21:12:28.1840760Z Download action repository 'docker/setup-qemu-action@v2' (SHA:2b82ce82d56a2a04d2637cd93a637ae1b359c0a7)
2025-12-22T21:12:28.5563733Z Download action repository 'docker/setup-buildx-action@v2' (SHA:885d1462b80bc1c1c7f0b00334ad271f09369c55)
2025-12-22T21:12:28.9856604Z Download action repository 'docker/build-push-action@v4' (SHA:0a97817b6ade9f46837855d676c4cca3a2471fc9)
2025-12-22T21:12:29.4967998Z Complete job name: build-docker-image-fedora-amd64
2025-12-22T21:12:29.5686641Z ##[group]Run aws-actions/configure-aws-credentials@v5.1.1
2025-12-22T21:12:29.5688069Z with:
2025-12-22T21:12:29.5689248Z   aws-access-key-id: ***
2025-12-22T21:12:29.5690561Z   aws-secret-access-key: ***
2025-12-22T21:12:29.5691519Z   aws-region: us-east-1
2025-12-22T21:12:29.5692425Z   audience: sts.amazonaws.com
2025-12-22T21:12:29.5693407Z   output-env-credentials: true
2025-12-22T21:12:29.5694763Z env:
2025-12-22T21:12:29.5695688Z   PACKAGE_NAME: aws-iot-securetunneling-localproxy
2025-12-22T21:12:29.5696894Z   ECR_ACCOUNT_URL: public.ecr.aws
2025-12-22T21:12:29.5698138Z   ECR_BASE_UBUNTU: aws-iot-securetunneling-localproxy/ubuntu-base
2025-12-22T21:12:29.5699646Z   ECR_BASE_UBI8: aws-iot-securetunneling-localproxy/ubi8-base
2025-12-22T21:12:29.5701312Z   ECR_BASE_AMAZONLINUX: aws-iot-securetunneling-localproxy/amazonlinux-base
2025-12-22T21:12:29.5702938Z   ECR_BASE_DEBIAN: aws-iot-securetunneling-localproxy/debian-base
2025-12-22T21:12:29.5704706Z   ECR_BASE_FEDORA: aws-iot-securetunneling-localproxy/fedora-base
2025-12-22T21:12:29.5706261Z   ECR_RELEASE_UBUNTU: aws-iot-securetunneling-localproxy/ubuntu-bin
2025-12-22T21:12:29.5707750Z   ECR_RELEASE_UBI8: aws-iot-securetunneling-localproxy/ubi8-bin
2025-12-22T21:12:29.5709373Z   ECR_RELEASE_AMAZONLINUX: aws-iot-securetunneling-localproxy/amazonlinux-bin
2025-12-22T21:12:29.5711076Z   ECR_RELEASE_DEBIAN: aws-iot-securetunneling-localproxy/debian-bin
2025-12-22T21:12:29.5712599Z   ECR_RELEASE_FEDORA: aws-iot-securetunneling-localproxy/fedora-bin
2025-12-22T21:12:29.5713862Z ##[endgroup]
2025-12-22T21:12:29.8644581Z Proceeding with IAM user credentials
2025-12-22T21:12:29.8821875Z ##[group]Run aws ecr-public get-login-password --region us-east-1 | docker login --username AWS --password-stdin public.ecr.aws
2025-12-22T21:12:29.8824960Z [36;1maws ecr-public get-login-password --region us-east-1 | docker login --username AWS --password-stdin public.ecr.aws[0m
2025-12-22T21:12:29.8852522Z shell: /usr/bin/bash -e {0}
2025-12-22T21:12:29.8853459Z env:
2025-12-22T21:12:29.8854470Z   PACKAGE_NAME: aws-iot-securetunneling-localproxy
2025-12-22T21:12:29.8855737Z   ECR_ACCOUNT_URL: public.ecr.aws
2025-12-22T21:12:29.8857001Z   ECR_BASE_UBUNTU: aws-iot-securetunneling-localproxy/ubuntu-base
2025-12-22T21:12:29.8858489Z   ECR_BASE_UBI8: aws-iot-securetunneling-localproxy/ubi8-base
2025-12-22T21:12:29.8860006Z   ECR_BASE_AMAZONLINUX: aws-iot-securetunneling-localproxy/amazonlinux-base
2025-12-22T21:12:29.8861590Z   ECR_BASE_DEBIAN: aws-iot-securetunneling-localproxy/debian-base
2025-12-22T21:12:29.8863191Z   ECR_BASE_FEDORA: aws-iot-securetunneling-localproxy/fedora-base
2025-12-22T21:12:29.8864769Z   ECR_RELEASE_UBUNTU: aws-iot-securetunneling-localproxy/ubuntu-bin
2025-12-22T21:12:29.8866245Z   ECR_RELEASE_UBI8: aws-iot-securetunneling-localproxy/ubi8-bin
2025-12-22T21:12:29.8867878Z   ECR_RELEASE_AMAZONLINUX: aws-iot-securetunneling-localproxy/amazonlinux-bin
2025-12-22T21:12:29.8869479Z   ECR_RELEASE_DEBIAN: aws-iot-securetunneling-localproxy/debian-bin
2025-12-22T21:12:29.8870991Z   ECR_RELEASE_FEDORA: aws-iot-securetunneling-localproxy/fedora-bin
2025-12-22T21:12:29.8872295Z   AWS_DEFAULT_REGION: us-east-1
2025-12-22T21:12:29.8873238Z   AWS_REGION: us-east-1
2025-12-22T21:12:29.8874279Z   AWS_ACCESS_KEY_ID: ***
2025-12-22T21:12:29.8875475Z   AWS_SECRET_ACCESS_KEY: ***
2025-12-22T21:12:29.8876361Z ##[endgroup]
2025-12-22T21:12:32.9948513Z 
2025-12-22T21:12:32.9949424Z Login Succeeded
2025-12-22T21:12:32.9950304Z WARNING! Your credentials are stored unencrypted in '/home/runner/.docker/config.json'.
2025-12-22T21:12:32.9951070Z Configure a credential helper to remove this warning. See
2025-12-22T21:12:32.9951773Z https://docs.docker.com/go/credential-store/
2025-12-22T21:12:32.9952136Z 
2025-12-22T21:12:33.0041579Z ##[group]Run actions/checkout@v2
2025-12-22T21:12:33.0041984Z with:
2025-12-22T21:12:33.0042307Z   fetch-depth: 0
2025-12-22T21:12:33.0042672Z   repository: aws-samples/aws-iot-securetunneling-localproxy
2025-12-22T21:12:33.0043297Z   token: ***
2025-12-22T21:12:33.0043595Z   ssh-strict: true
2025-12-22T21:12:33.0043902Z   persist-credentials: true
2025-12-22T21:12:33.0044523Z   clean: true
2025-12-22T21:12:33.0044831Z   lfs: false
2025-12-22T21:12:33.0045140Z   submodules: false
2025-12-22T21:12:33.0045457Z   set-safe-directory: true
2025-12-22T21:12:33.0045783Z env:
2025-12-22T21:12:33.0046104Z   PACKAGE_NAME: aws-iot-securetunneling-localproxy
2025-12-22T21:12:33.0046548Z   ECR_ACCOUNT_URL: public.ecr.aws
2025-12-22T21:12:33.0047007Z   ECR_BASE_UBUNTU: aws-iot-securetunneling-localproxy/ubuntu-base
2025-12-22T21:12:33.0047534Z   ECR_BASE_UBI8: aws-iot-securetunneling-localproxy/ubi8-base
2025-12-22T21:12:33.0048210Z   ECR_BASE_AMAZONLINUX: aws-iot-securetunneling-localproxy/amazonlinux-base
2025-12-22T21:12:33.0048747Z   ECR_BASE_DEBIAN: aws-iot-securetunneling-localproxy/debian-base
2025-12-22T21:12:33.0049330Z   ECR_BASE_FEDORA: aws-iot-securetunneling-localproxy/fedora-base
2025-12-22T21:12:33.0049827Z   ECR_RELEASE_UBUNTU: aws-iot-securetunneling-localproxy/ubuntu-bin
2025-12-22T21:12:33.0050358Z   ECR_RELEASE_UBI8: aws-iot-securetunneling-localproxy/ubi8-bin
2025-12-22T21:12:33.0050945Z   ECR_RELEASE_AMAZONLINUX: aws-iot-securetunneling-localproxy/amazonlinux-bin
2025-12-22T21:12:33.0051518Z   ECR_RELEASE_DEBIAN: aws-iot-securetunneling-localproxy/debian-bin
2025-12-22T21:12:33.0052053Z   ECR_RELEASE_FEDORA: aws-iot-securetunneling-localproxy/fedora-bin
2025-12-22T21:12:33.0052562Z   AWS_DEFAULT_REGION: us-east-1
2025-12-22T21:12:33.0052914Z   AWS_REGION: us-east-1
2025-12-22T21:12:33.0053321Z   AWS_ACCESS_KEY_ID: ***
2025-12-22T21:12:33.0053781Z   AWS_SECRET_ACCESS_KEY: ***
2025-12-22T21:12:33.0054109Z ##[endgroup]
2025-12-22T21:12:33.0960193Z Syncing repository: aws-samples/aws-iot-securetunneling-localproxy
2025-12-22T21:12:33.0962468Z ##[group]Getting Git version info
2025-12-22T21:12:33.0963297Z Working directory is '/home/runner/work/aws-iot-securetunneling-localproxy/aws-iot-securetunneling-localproxy'
2025-12-22T21:12:33.0964354Z [command]/usr/bin/git version
2025-12-22T21:12:33.1033882Z git version 2.52.0
2025-12-22T21:12:33.1060268Z ##[endgroup]
2025-12-22T21:12:33.1073836Z Temporarily overriding HOME='/home/runner/work/_temp/6c7fa4dd-b827-4ea6-86a9-7a19caaade59' before making global git config changes
2025-12-22T21:12:33.1075566Z Adding repository directory to the temporary git global config as a safe directory
2025-12-22T21:12:33.1079679Z [command]/usr/bin/git config --global --add safe.directory /home/runner/work/aws-iot-securetunneling-localproxy/aws-iot-securetunneling-localproxy
2025-12-22T21:12:33.1116619Z Deleting the contents of '/home/runner/work/aws-iot-securetunneling-localproxy/aws-iot-securetunneling-localproxy'
2025-12-22T21:12:33.1120146Z ##[group]Initializing the repository
2025-12-22T21:12:33.1124271Z [command]/usr/bin/git init /home/runner/work/aws-iot-securetunneling-localproxy/aws-iot-securetunneling-localproxy
2025-12-22T21:12:33.1219444Z hint: Using 'master' as the name for the initial branch. This default branch name
2025-12-22T21:12:33.1220396Z hint: will change to "main" in Git 3.0. To configure the initial branch name
2025-12-22T21:12:33.1221525Z hint: to use in all of your new repositories, which will suppress this warning,
2025-12-22T21:12:33.1222576Z hint: call:
2025-12-22T21:12:33.1223227Z hint:
2025-12-22T21:12:33.1223939Z hint: 	git config --global init.defaultBranch <name>
2025-12-22T21:12:33.1224954Z hint:
2025-12-22T21:12:33.1225860Z hint: Names commonly chosen instead of 'master' are 'main', 'trunk' and
2025-12-22T21:12:33.1227012Z hint: 'development'. The just-created branch can be renamed via this command:
2025-12-22T21:12:33.1227922Z hint:
2025-12-22T21:12:33.1228627Z hint: 	git branch -m <name>
2025-12-22T21:12:33.1229236Z hint:
2025-12-22T21:12:33.1230447Z hint: Disable this message with "git config set advice.defaultBranchName false"
2025-12-22T21:12:33.1232307Z Initialized empty Git repository in /home/runner/work/aws-iot-securetunneling-localproxy/aws-iot-securetunneling-localproxy/.git/
2025-12-22T21:12:33.1234620Z [command]/usr/bin/git remote add origin https://github.com/aws-samples/aws-iot-securetunneling-localproxy
2025-12-22T21:12:33.1263363Z ##[endgroup]
2025-12-22T21:12:33.1264534Z ##[group]Disabling automatic garbage collection
2025-12-22T21:12:33.1267705Z [command]/usr/bin/git config --local gc.auto 0
2025-12-22T21:12:33.1290921Z ##[endgroup]
2025-12-22T21:12:33.1291946Z ##[group]Setting up auth
2025-12-22T21:12:33.1297937Z [command]/usr/bin/git config --local --name-only --get-regexp core\.sshCommand
2025-12-22T21:12:33.1321761Z [command]/usr/bin/git submodule foreach --recursive sh -c "git config --local --name-only --get-regexp 'core\.sshCommand' && git config --local --unset-all 'core.sshCommand' || :"
2025-12-22T21:12:33.1613685Z [command]/usr/bin/git config --local --name-only --get-regexp http\.https\:\/\/github\.com\/\.extraheader
2025-12-22T21:12:33.1638776Z [command]/usr/bin/git submodule foreach --recursive sh -c "git config --local --name-only --get-regexp 'http\.https\:\/\/github\.com\/\.extraheader' && git config --local --unset-all 'http.https://github.com/.extraheader' || :"
2025-12-22T21:12:33.1812241Z [command]/usr/bin/git config --local http.https://github.com/.extraheader AUTHORIZATION: basic ***
2025-12-22T21:12:33.1842373Z ##[endgroup]
2025-12-22T21:12:33.1843320Z ##[group]Fetching the repository
2025-12-22T21:12:33.1851072Z [command]/usr/bin/git -c protocol.version=2 fetch --prune --progress --no-recurse-submodules origin +refs/heads/*:refs/remotes/origin/* +refs/tags/*:refs/tags/*
2025-12-22T21:12:33.4372231Z remote: Enumerating objects: 797, done.        
2025-12-22T21:12:33.4373437Z remote: Counting objects:   0% (1/425)        
2025-12-22T21:12:33.4374471Z remote: Counting objects:   1% (5/425)        
2025-12-22T21:12:33.4375464Z remote: Counting objects:   2% (9/425)        
2025-12-22T21:12:33.4376229Z remote: Counting objects:   3% (13/425)        
2025-12-22T21:12:33.4376819Z remote: Counting objects:   4% (17/425)        
2025-12-22T21:12:33.4377231Z remote: Counting objects:   5% (22/425)        
2025-12-22T21:12:33.4377656Z remote: Counting objects:   6% (26/425)        
2025-12-22T21:12:33.4378178Z remote: Counting objects:   7% (30/425)        
2025-12-22T21:12:33.4378614Z remote: Counting objects:   8% (34/425)        
2025-12-22T21:12:33.4378986Z remote: Counting objects:   9% (39/425)        
2025-12-22T21:12:33.4379427Z remote: Counting objects:  10% (43/425)        
2025-12-22T21:12:33.4379867Z remote: Counting objects:  11% (47/425)        
2025-12-22T21:12:33.4380238Z remote: Counting objects:  12% (51/425)        
2025-12-22T21:12:33.4380645Z remote: Counting objects:  13% (56/425)        
2025-12-22T21:12:33.4381078Z remote: Counting objects:  14% (60/425)        
2025-12-22T21:12:33.4381480Z remote: Counting objects:  15% (64/425)        
2025-12-22T21:12:33.4381897Z remote: Counting objects:  16% (68/425)        
2025-12-22T21:12:33.4382329Z remote: Counting objects:  17% (73/425)        
2025-12-22T21:12:33.4382738Z remote: Counting objects:  18% (77/425)        
2025-12-22T21:12:33.4383106Z remote: Counting objects:  19% (81/425)        
2025-12-22T21:12:33.4383530Z remote: Counting objects:  20% (85/425)        
2025-12-22T21:12:33.4383959Z remote: Counting objects:  21% (90/425)        
2025-12-22T21:12:33.4384573Z remote: Counting objects:  22% (94/425)        
2025-12-22T21:12:33.4385031Z remote: Counting objects:  23% (98/425)        
2025-12-22T21:12:33.4385453Z remote: Counting objects:  24% (102/425)        
2025-12-22T21:12:33.4385849Z remote: Counting objects:  25% (107/425)        
2025-12-22T21:12:33.4386290Z remote: Counting objects:  26% (111/425)        
2025-12-22T21:12:33.4386732Z remote: Counting objects:  27% (115/425)        
2025-12-22T21:12:33.4387315Z remote: Counting objects:  28% (119/425)        
2025-12-22T21:12:33.4387750Z remote: Counting objects:  29% (124/425)        
2025-12-22T21:12:33.4388160Z remote: Counting objects:  30% (128/425)        
2025-12-22T21:12:33.4388555Z remote: Counting objects:  31% (132/425)        
2025-12-22T21:12:33.4389004Z remote: Counting objects:  32% (136/425)        
2025-12-22T21:12:33.4389412Z remote: Counting objects:  33% (141/425)        
2025-12-22T21:12:33.4389800Z remote: Counting objects:  34% (145/425)        
2025-12-22T21:12:33.4390243Z remote: Counting objects:  35% (149/425)        
2025-12-22T21:12:33.4390647Z remote: Counting objects:  36% (153/425)        
2025-12-22T21:12:33.4391039Z remote: Counting objects:  37% (158/425)        
2025-12-22T21:12:33.4391503Z remote: Counting objects:  38% (162/425)        
2025-12-22T21:12:33.4391873Z remote: Counting objects:  39% (166/425)        
2025-12-22T21:12:33.4392263Z remote: Counting objects:  40% (170/425)        
2025-12-22T21:12:33.4392717Z remote: Counting objects:  41% (175/425)        
2025-12-22T21:12:33.4393091Z remote: Counting objects:  42% (179/425)        
2025-12-22T21:12:33.4393482Z remote: Counting objects:  43% (183/425)        
2025-12-22T21:12:33.4393964Z remote: Counting objects:  44% (187/425)        
2025-12-22T21:12:33.4394504Z remote: Counting objects:  45% (192/425)        
2025-12-22T21:12:33.4394902Z remote: Counting objects:  46% (196/425)        
2025-12-22T21:12:33.4395404Z remote: Counting objects:  47% (200/425)        
2025-12-22T21:12:33.4395775Z remote: Counting objects:  48% (204/425)        
2025-12-22T21:12:33.4396174Z remote: Counting objects:  49% (209/425)        
2025-12-22T21:12:33.4396651Z remote: Counting objects:  50% (213/425)        
2025-12-22T21:12:33.4397062Z remote: Counting objects:  51% (217/425)        
2025-12-22T21:12:33.4397419Z remote: Counting objects:  52% (221/425)        
2025-12-22T21:12:33.4397866Z remote: Counting objects:  53% (226/425)        
2025-12-22T21:12:33.4398277Z remote: Counting objects:  54% (230/425)        
2025-12-22T21:12:33.4398759Z remote: Counting objects:  55% (234/425)        
2025-12-22T21:12:33.4399214Z remote: Counting objects:  56% (238/425)        
2025-12-22T21:12:33.4399600Z remote: Counting objects:  57% (243/425)        
2025-12-22T21:12:33.4399898Z remote: Counting objects:  58% (247/425)        
2025-12-22T21:12:33.4400277Z remote: Counting objects:  59% (251/425)        
2025-12-22T21:12:33.4400632Z remote: Counting objects:  60% (255/425)        
2025-12-22T21:12:33.4401127Z remote: Counting objects:  61% (260/425)        
2025-12-22T21:12:33.4401443Z remote: Counting objects:  62% (264/425)        
2025-12-22T21:12:33.4401781Z remote: Counting objects:  63% (268/425)        
2025-12-22T21:12:33.4402201Z remote: Counting objects:  64% (272/425)        
2025-12-22T21:12:33.4402583Z remote: Counting objects:  65% (277/425)        
2025-12-22T21:12:33.4402915Z remote: Counting objects:  66% (281/425)        
2025-12-22T21:12:33.4403278Z remote: Counting objects:  67% (285/425)        
2025-12-22T21:12:33.4403632Z remote: Counting objects:  68% (289/425)        
2025-12-22T21:12:33.4403993Z remote: Counting objects:  69% (294/425)        
2025-12-22T21:12:33.4404576Z remote: Counting objects:  70% (298/425)        
2025-12-22T21:12:33.4404926Z remote: Counting objects:  71% (302/425)        
2025-12-22T21:12:33.4405267Z remote: Counting objects:  72% (306/425)        
2025-12-22T21:12:33.4405629Z remote: Counting objects:  73% (311/425)        
2025-12-22T21:12:33.4405978Z remote: Counting objects:  74% (315/425)        
2025-12-22T21:12:33.4406318Z remote: Counting objects:  75% (319/425)        
2025-12-22T21:12:33.4406633Z remote: Counting objects:  76% (323/425)        
2025-12-22T21:12:33.4406984Z remote: Counting objects:  77% (328/425)        
2025-12-22T21:12:33.4407347Z remote: Counting objects:  78% (332/425)        
2025-12-22T21:12:33.4407676Z remote: Counting objects:  79% (336/425)        
2025-12-22T21:12:33.4408024Z remote: Counting objects:  80% (340/425)        
2025-12-22T21:12:33.4408467Z remote: Counting objects:  81% (345/425)        
2025-12-22T21:12:33.4408781Z remote: Counting objects:  82% (349/425)        
2025-12-22T21:12:33.4409156Z remote: Counting objects:  83% (353/425)        
2025-12-22T21:12:33.4409501Z remote: Counting objects:  84% (357/425)        
2025-12-22T21:12:33.4409865Z remote: Counting objects:  85% (362/425)        
2025-12-22T21:12:33.4410175Z remote: Counting objects:  86% (366/425)        
2025-12-22T21:12:33.4410510Z remote: Counting objects:  87% (370/425)        
2025-12-22T21:12:33.4410890Z remote: Counting objects:  88% (374/425)        
2025-12-22T21:12:33.4411217Z remote: Counting objects:  89% (379/425)        
2025-12-22T21:12:33.4411560Z remote: Counting objects:  90% (383/425)        
2025-12-22T21:12:33.4411921Z remote: Counting objects:  91% (387/425)        
2025-12-22T21:12:33.4412226Z remote: Counting objects:  92% (391/425)        
2025-12-22T21:12:33.4412566Z remote: Counting objects:  93% (396/425)        
2025-12-22T21:12:33.4412962Z remote: Counting objects:  94% (400/425)        
2025-12-22T21:12:33.4413270Z remote: Counting objects:  95% (404/425)        
2025-12-22T21:12:33.4413615Z remote: Counting objects:  96% (408/425)        
2025-12-22T21:12:33.4413982Z remote: Counting objects:  97% (413/425)        
2025-12-22T21:12:33.4414445Z remote: Counting objects:  98% (417/425)        
2025-12-22T21:12:33.4414757Z remote: Counting objects:  99% (421/425)        
2025-12-22T21:12:33.4415143Z remote: Counting objects: 100% (425/425)        
2025-12-22T21:12:33.4415508Z remote: Counting objects: 100% (425/425), done.        
2025-12-22T21:12:33.4441802Z remote: Compressing objects:   0% (1/150)        
2025-12-22T21:12:33.4442421Z remote: Compressing objects:   1% (2/150)        
2025-12-22T21:12:33.4442915Z remote: Compressing objects:   2% (3/150)        
2025-12-22T21:12:33.4443299Z remote: Compressing objects:   3% (5/150)        
2025-12-22T21:12:33.4443877Z remote: Compressing objects:   4% (6/150)        
2025-12-22T21:12:33.4444601Z remote: Compressing objects:   5% (8/150)        
2025-12-22T21:12:33.4444982Z remote: Compressing objects:   6% (9/150)        
2025-12-22T21:12:33.4445315Z remote: Compressing objects:   7% (11/150)        
2025-12-22T21:12:33.4445700Z remote: Compressing objects:   8% (12/150)        
2025-12-22T21:12:33.4446098Z remote: Compressing objects:   9% (14/150)        
2025-12-22T21:12:33.4446430Z remote: Compressing objects:  10% (15/150)        
2025-12-22T21:12:33.4446946Z remote: Compressing objects:  11% (17/150)        
2025-12-22T21:12:33.4447526Z remote: Compressing objects:  12% (18/150)        
2025-12-22T21:12:33.4448224Z remote: Compressing objects:  13% (20/150)        
2025-12-22T21:12:33.4448548Z remote: Compressing objects:  14% (21/150)        
2025-12-22T21:12:33.4448934Z remote: Compressing objects:  15% (23/150)        
2025-12-22T21:12:33.4449303Z remote: Compressing objects:  16% (24/150)        
2025-12-22T21:12:33.4458295Z remote: Compressing objects:  17% (26/150)        
2025-12-22T21:12:33.4526019Z remote: Compressing objects:  18% (27/150)        
2025-12-22T21:12:33.4526435Z remote: Compressing objects:  19% (29/150)        
2025-12-22T21:12:33.4535095Z remote: Compressing objects:  20% (30/150)        
2025-12-22T21:12:33.4569761Z remote: Compressing objects:  21% (32/150)        
2025-12-22T21:12:33.4575613Z remote: Compressing objects:  22% (33/150)        
2025-12-22T21:12:33.4578307Z remote: Compressing objects:  23% (35/150)        
2025-12-22T21:12:33.4588052Z remote: Compressing objects:  24% (36/150)        
2025-12-22T21:12:33.4588485Z remote: Compressing objects:  25% (38/150)        
2025-12-22T21:12:33.4590519Z remote: Compressing objects:  26% (39/150)        
2025-12-22T21:12:33.4655654Z remote: Compressing objects:  27% (41/150)        
2025-12-22T21:12:33.4656369Z remote: Compressing objects:  28% (42/150)        
2025-12-22T21:12:33.4657308Z remote: Compressing objects:  29% (44/150)        
2025-12-22T21:12:33.4658121Z remote: Compressing objects:  30% (45/150)        
2025-12-22T21:12:33.4658532Z remote: Compressing objects:  31% (47/150)        
2025-12-22T21:12:33.4689233Z remote: Compressing objects:  32% (48/150)        
2025-12-22T21:12:33.4689636Z remote: Compressing objects:  33% (50/150)        
2025-12-22T21:12:33.4692252Z remote: Compressing objects:  34% (51/150)        
2025-12-22T21:12:33.4692654Z remote: Compressing objects:  35% (53/150)        
2025-12-22T21:12:33.4698932Z remote: Compressing objects:  36% (54/150)        
2025-12-22T21:12:33.4701263Z remote: Compressing objects:  37% (56/150)        
2025-12-22T21:12:33.4703616Z remote: Compressing objects:  38% (57/150)        
2025-12-22T21:12:33.4709250Z remote: Compressing objects:  39% (59/150)        
2025-12-22T21:12:33.4719344Z remote: Compressing objects:  40% (60/150)        
2025-12-22T21:12:33.4721418Z remote: Compressing objects:  41% (62/150)        
2025-12-22T21:12:33.4726296Z remote: Compressing objects:  42% (63/150)        
2025-12-22T21:12:33.4729225Z remote: Compressing objects:  43% (65/150)        
2025-12-22T21:12:33.4729681Z remote: Compressing objects:  44% (66/150)        
2025-12-22T21:12:33.4730181Z remote: Compressing objects:  45% (68/150)        
2025-12-22T21:12:33.4731135Z remote: Compressing objects:  46% (69/150)        
2025-12-22T21:12:33.4731515Z remote: Compressing objects:  47% (71/150)        
2025-12-22T21:12:33.4732025Z remote: Compressing objects:  48% (72/150)        
2025-12-22T21:12:33.4732629Z remote: Compressing objects:  49% (74/150)        
2025-12-22T21:12:33.4732965Z remote: Compressing objects:  50% (75/150)        
2025-12-22T21:12:33.4733324Z remote: Compressing objects:  51% (77/150)        
2025-12-22T21:12:33.4733858Z remote: Compressing objects:  52% (78/150)        
2025-12-22T21:12:33.4734546Z remote: Compressing objects:  53% (80/150)        
2025-12-22T21:12:33.4735145Z remote: Compressing objects:  54% (81/150)        
2025-12-22T21:12:33.4735798Z remote: Compressing objects:  55% (83/150)        
2025-12-22T21:12:33.4736185Z remote: Compressing objects:  56% (84/150)        
2025-12-22T21:12:33.4736841Z remote: Compressing objects:  57% (86/150)        
2025-12-22T21:12:33.4737238Z remote: Compressing objects:  58% (87/150)        
2025-12-22T21:12:33.4737692Z remote: Compressing objects:  59% (89/150)        
2025-12-22T21:12:33.4738230Z remote: Compressing objects:  60% (90/150)        
2025-12-22T21:12:33.4738683Z remote: Compressing objects:  61% (92/150)        
2025-12-22T21:12:33.4739125Z remote: Compressing objects:  62% (93/150)        
2025-12-22T21:12:33.4739470Z remote: Compressing objects:  63% (95/150)        
2025-12-22T21:12:33.4739850Z remote: Compressing objects:  64% (96/150)        
2025-12-22T21:12:33.4740336Z remote: Compressing objects:  65% (98/150)        
2025-12-22T21:12:33.4740657Z remote: Compressing objects:  66% (99/150)        
2025-12-22T21:12:33.4741118Z remote: Compressing objects:  67% (101/150)        
2025-12-22T21:12:33.4741508Z remote: Compressing objects:  68% (102/150)        
2025-12-22T21:12:33.4741953Z remote: Compressing objects:  69% (104/150)        
2025-12-22T21:12:33.4742316Z remote: Compressing objects:  70% (105/150)        
2025-12-22T21:12:33.4742732Z remote: Compressing objects:  71% (107/150)        
2025-12-22T21:12:33.4743255Z remote: Compressing objects:  72% (108/150)        
2025-12-22T21:12:33.4743588Z remote: Compressing objects:  73% (110/150)        
2025-12-22T21:12:33.4744002Z remote: Compressing objects:  74% (111/150)        
2025-12-22T21:12:33.4744638Z remote: Compressing objects:  75% (113/150)        
2025-12-22T21:12:33.4745115Z remote: Compressing objects:  76% (114/150)        
2025-12-22T21:12:33.4745551Z remote: Compressing objects:  77% (116/150)        
2025-12-22T21:12:33.4838234Z remote: Compressing objects:  78% (117/150)        
2025-12-22T21:12:33.4838857Z remote: Compressing objects:  79% (119/150)        
2025-12-22T21:12:33.4839429Z remote: Compressing objects:  80% (120/150)        
2025-12-22T21:12:33.4840014Z remote: Compressing objects:  81% (122/150)        
2025-12-22T21:12:33.4840375Z remote: Compressing objects:  82% (123/150)        
2025-12-22T21:12:33.4840654Z remote: Compressing objects:  83% (125/150)        
2025-12-22T21:12:33.4840987Z remote: Compressing objects:  84% (126/150)        
2025-12-22T21:12:33.4841267Z remote: Compressing objects:  85% (128/150)        
2025-12-22T21:12:33.4841534Z remote: Compressing objects:  86% (129/150)        
2025-12-22T21:12:33.4841811Z remote: Compressing objects:  87% (131/150)        
2025-12-22T21:12:33.4842089Z remote: Compressing objects:  88% (132/150)        
2025-12-22T21:12:33.4842359Z remote: Compressing objects:  89% (134/150)        
2025-12-22T21:12:33.4842715Z remote: Compressing objects:  90% (135/150)        
2025-12-22T21:12:33.4842987Z remote: Compressing objects:  91% (137/150)        
2025-12-22T21:12:33.4843272Z remote: Compressing objects:  92% (138/150)        
2025-12-22T21:12:33.4843549Z remote: Compressing objects:  93% (140/150)        
2025-12-22T21:12:33.4843827Z remote: Compressing objects:  94% (141/150)        
2025-12-22T21:12:33.4844106Z remote: Compressing objects:  95% (143/150)        
2025-12-22T21:12:33.4844593Z remote: Compressing objects:  96% (144/150)        
2025-12-22T21:12:33.4844867Z remote: Compressing objects:  97% (146/150)        
2025-12-22T21:12:33.4845145Z remote: Compressing objects:  98% (147/150)        
2025-12-22T21:12:33.4845422Z remote: Compressing objects:  99% (149/150)        
2025-12-22T21:12:33.4845695Z remote: Compressing objects: 100% (150/150)        
2025-12-22T21:12:33.4845997Z remote: Compressing objects: 100% (150/150), done.        
2025-12-22T21:12:33.4846293Z Receiving objects:   0% (1/797)
2025-12-22T21:12:33.4853885Z Receiving objects:   1% (8/797)
2025-12-22T21:12:33.4854647Z Receiving objects:   2% (16/797)
2025-12-22T21:12:33.4856029Z Receiving objects:   3% (24/797)
2025-12-22T21:12:33.4867252Z Receiving objects:   4% (32/797)
2025-12-22T21:12:33.4890763Z Receiving objects:   5% (40/797)
2025-12-22T21:12:33.4891817Z Receiving objects:   6% (48/797)
2025-12-22T21:12:33.4892533Z Receiving objects:   7% (56/797)
2025-12-22T21:12:33.4893499Z Receiving objects:   8% (64/797)
2025-12-22T21:12:33.4894431Z Receiving objects:   9% (72/797)
2025-12-22T21:12:33.4897197Z Receiving objects:  10% (80/797)
2025-12-22T21:12:33.4897776Z Receiving objects:  11% (88/797)
2025-12-22T21:12:33.4898079Z Receiving objects:  12% (96/797)
2025-12-22T21:12:33.4898329Z Receiving objects:  13% (104/797)
2025-12-22T21:12:33.4899396Z Receiving objects:  14% (112/797)
2025-12-22T21:12:33.4900903Z Receiving objects:  15% (120/797)
2025-12-22T21:12:33.4970437Z Receiving objects:  16% (128/797)
2025-12-22T21:12:33.4971256Z Receiving objects:  17% (136/797)
2025-12-22T21:12:33.4973511Z Receiving objects:  18% (144/797)
2025-12-22T21:12:33.4975063Z Receiving objects:  19% (152/797)
2025-12-22T21:12:33.4976513Z Receiving objects:  20% (160/797)
2025-12-22T21:12:33.5010188Z Receiving objects:  21% (168/797)
2025-12-22T21:12:33.5010863Z Receiving objects:  22% (176/797)
2025-12-22T21:12:33.5013669Z Receiving objects:  23% (184/797)
2025-12-22T21:12:33.5016576Z Receiving objects:  24% (192/797)
2025-12-22T21:12:33.5020769Z Receiving objects:  25% (200/797)
2025-12-22T21:12:33.5021388Z Receiving objects:  26% (208/797)
2025-12-22T21:12:33.5023165Z Receiving objects:  27% (216/797)
2025-12-22T21:12:33.5024273Z Receiving objects:  28% (224/797)
2025-12-22T21:12:33.5026189Z Receiving objects:  29% (232/797)
2025-12-22T21:12:33.5026592Z Receiving objects:  30% (240/797)
2025-12-22T21:12:33.5027457Z Receiving objects:  31% (248/797)
2025-12-22T21:12:33.5028677Z Receiving objects:  32% (256/797)
2025-12-22T21:12:33.5028975Z Receiving objects:  33% (264/797)
2025-12-22T21:12:33.5029192Z Receiving objects:  34% (271/797)
2025-12-22T21:12:33.5036802Z Receiving objects:  35% (279/797)
2025-12-22T21:12:33.5037224Z Receiving objects:  36% (287/797)
2025-12-22T21:12:33.5037468Z Receiving objects:  37% (295/797)
2025-12-22T21:12:33.5037785Z Receiving objects:  38% (303/797)
2025-12-22T21:12:33.5038411Z Receiving objects:  39% (311/797)
2025-12-22T21:12:33.5038777Z Receiving objects:  40% (319/797)
2025-12-22T21:12:33.5039945Z Receiving objects:  41% (327/797)
2025-12-22T21:12:33.5040220Z Receiving objects:  42% (335/797)
2025-12-22T21:12:33.5040455Z Receiving objects:  43% (343/797)
2025-12-22T21:12:33.5051274Z Receiving objects:  44% (351/797)
2025-12-22T21:12:33.5051677Z Receiving objects:  45% (359/797)
2025-12-22T21:12:33.5053648Z Receiving objects:  46% (367/797)
2025-12-22T21:12:33.5054035Z Receiving objects:  47% (375/797)
2025-12-22T21:12:33.5054887Z Receiving objects:  48% (383/797)
2025-12-22T21:12:33.5055220Z Receiving objects:  49% (391/797)
2025-12-22T21:12:33.5055579Z Receiving objects:  50% (399/797)
2025-12-22T21:12:33.5055944Z Receiving objects:  51% (407/797)
2025-12-22T21:12:33.5056370Z Receiving objects:  52% (415/797)
2025-12-22T21:12:33.5056774Z Receiving objects:  53% (423/797)
2025-12-22T21:12:33.5057162Z Receiving objects:  54% (431/797)
2025-12-22T21:12:33.5057573Z Receiving objects:  55% (439/797)
2025-12-22T21:12:33.5057955Z Receiving objects:  56% (447/797)
2025-12-22T21:12:33.5058266Z Receiving objects:  57% (455/797)
2025-12-22T21:12:33.5058489Z Receiving objects:  58% (463/797)
2025-12-22T21:12:33.5058712Z Receiving objects:  59% (471/797)
2025-12-22T21:12:33.5058940Z Receiving objects:  60% (479/797)
2025-12-22T21:12:33.5059165Z Receiving objects:  61% (487/797)
2025-12-22T21:12:33.5059388Z Receiving objects:  62% (495/797)
2025-12-22T21:12:33.5059604Z Receiving objects:  63% (503/797)
2025-12-22T21:12:33.5059831Z Receiving objects:  64% (511/797)
2025-12-22T21:12:33.5060056Z Receiving objects:  65% (519/797)
2025-12-22T21:12:33.5060272Z Receiving objects:  66% (527/797)
2025-12-22T21:12:33.5060497Z Receiving objects:  67% (534/797)
2025-12-22T21:12:33.5060719Z Receiving objects:  68% (542/797)
2025-12-22T21:12:33.5060943Z Receiving objects:  69% (550/797)
2025-12-22T21:12:33.5061629Z Receiving objects:  70% (558/797)
2025-12-22T21:12:33.5062829Z Receiving objects:  71% (566/797)
2025-12-22T21:12:33.5063289Z Receiving objects:  72% (574/797)
2025-12-22T21:12:33.5065242Z Receiving objects:  73% (582/797)
2025-12-22T21:12:33.5126731Z Receiving objects:  74% (590/797)
2025-12-22T21:12:33.5169591Z Receiving objects:  75% (598/797)
2025-12-22T21:12:33.5170088Z Receiving objects:  76% (606/797)
2025-12-22T21:12:33.5170883Z Receiving objects:  77% (614/797)
2025-12-22T21:12:33.5171900Z Receiving objects:  78% (622/797)
2025-12-22T21:12:33.5172357Z Receiving objects:  79% (630/797)
2025-12-22T21:12:33.5174725Z Receiving objects:  80% (638/797)
2025-12-22T21:12:33.5177932Z Receiving objects:  81% (646/797)
2025-12-22T21:12:33.5178674Z Receiving objects:  82% (654/797)
2025-12-22T21:12:33.5181244Z Receiving objects:  83% (662/797)
2025-12-22T21:12:33.5185012Z Receiving objects:  84% (670/797)
2025-12-22T21:12:33.5189177Z Receiving objects:  85% (678/797)
2025-12-22T21:12:33.5190335Z Receiving objects:  86% (686/797)
2025-12-22T21:12:33.5191510Z Receiving objects:  87% (694/797)
2025-12-22T21:12:33.5193563Z Receiving objects:  88% (702/797)
2025-12-22T21:12:33.5195856Z Receiving objects:  89% (710/797)
2025-12-22T21:12:33.5196665Z Receiving objects:  90% (718/797)
2025-12-22T21:12:33.5198138Z Receiving objects:  91% (726/797)
2025-12-22T21:12:33.5198817Z Receiving objects:  92% (734/797)
2025-12-22T21:12:33.5199300Z Receiving objects:  93% (742/797)
2025-12-22T21:12:33.5201159Z Receiving objects:  94% (750/797)
2025-12-22T21:12:33.5201850Z remote: Total 797 (delta 364), reused 288 (delta 274), pack-reused 372 (from 2)        
2025-12-22T21:12:33.5209956Z Receiving objects:  95% (758/797)
2025-12-22T21:12:33.5211509Z Receiving objects:  96% (766/797)
2025-12-22T21:12:33.5214436Z Receiving objects:  97% (774/797)
2025-12-22T21:12:33.5215997Z Receiving objects:  98% (782/797)
2025-12-22T21:12:33.5218458Z Receiving objects:  99% (790/797)
2025-12-22T21:12:33.5221111Z Receiving objects: 100% (797/797)
2025-12-22T21:12:33.5221744Z Receiving objects: 100% (797/797), 377.90 KiB | 8.40 MiB/s, done.
2025-12-22T21:12:33.5222259Z Resolving deltas:   0% (0/480)
2025-12-22T21:12:33.5225824Z Resolving deltas:   1% (5/480)
2025-12-22T21:12:33.5226504Z Resolving deltas:   2% (10/480)
2025-12-22T21:12:33.5226934Z Resolving deltas:   3% (16/480)
2025-12-22T21:12:33.5227300Z Resolving deltas:   4% (20/480)
2025-12-22T21:12:33.5227646Z Resolving deltas:   5% (24/480)
2025-12-22T21:12:33.5228020Z Resolving deltas:   6% (29/480)
2025-12-22T21:12:33.5230191Z Resolving deltas:   7% (34/480)
2025-12-22T21:12:33.5230762Z Resolving deltas:   8% (39/480)
2025-12-22T21:12:33.5232462Z Resolving deltas:   9% (44/480)
2025-12-22T21:12:33.5233758Z Resolving deltas:  10% (48/480)
2025-12-22T21:12:33.5235640Z Resolving deltas:  11% (53/480)
2025-12-22T21:12:33.5236310Z Resolving deltas:  12% (58/480)
2025-12-22T21:12:33.5240575Z Resolving deltas:  13% (63/480)
2025-12-22T21:12:33.5241421Z Resolving deltas:  14% (68/480)
2025-12-22T21:12:33.5244652Z Resolving deltas:  15% (72/480)
2025-12-22T21:12:33.5249896Z Resolving deltas:  16% (77/480)
2025-12-22T21:12:33.5250563Z Resolving deltas:  17% (82/480)
2025-12-22T21:12:33.5250931Z Resolving deltas:  18% (87/480)
2025-12-22T21:12:33.5251262Z Resolving deltas:  19% (92/480)
2025-12-22T21:12:33.5251612Z Resolving deltas:  20% (96/480)
2025-12-22T21:12:33.5254565Z Resolving deltas:  21% (101/480)
2025-12-22T21:12:33.5256469Z Resolving deltas:  22% (107/480)
2025-12-22T21:12:33.5256876Z Resolving deltas:  23% (111/480)
2025-12-22T21:12:33.5258699Z Resolving deltas:  24% (116/480)
2025-12-22T21:12:33.5259118Z Resolving deltas:  25% (120/480)
2025-12-22T21:12:33.5259507Z Resolving deltas:  26% (125/480)
2025-12-22T21:12:33.5259886Z Resolving deltas:  27% (130/480)
2025-12-22T21:12:33.5260263Z Resolving deltas:  28% (135/480)
2025-12-22T21:12:33.5260638Z Resolving deltas:  29% (140/480)
2025-12-22T21:12:33.5260996Z Resolving deltas:  30% (144/480)
2025-12-22T21:12:33.5261347Z Resolving deltas:  31% (149/480)
2025-12-22T21:12:33.5261739Z Resolving deltas:  32% (154/480)
2025-12-22T21:12:33.5262344Z Resolving deltas:  33% (159/480)
2025-12-22T21:12:33.5262709Z Resolving deltas:  34% (164/480)
2025-12-22T21:12:33.5263082Z Resolving deltas:  35% (168/480)
2025-12-22T21:12:33.5263444Z Resolving deltas:  36% (173/480)
2025-12-22T21:12:33.5263820Z Resolving deltas:  37% (178/480)
2025-12-22T21:12:33.5264360Z Resolving deltas:  38% (183/480)
2025-12-22T21:12:33.5264749Z Resolving deltas:  39% (188/480)
2025-12-22T21:12:33.5265130Z Resolving deltas:  40% (192/480)
2025-12-22T21:12:33.5265485Z Resolving deltas:  41% (197/480)
2025-12-22T21:12:33.5265836Z Resolving deltas:  42% (202/480)
2025-12-22T21:12:33.5266225Z Resolving deltas:  43% (207/480)
2025-12-22T21:12:33.5266594Z Resolving deltas:  44% (212/480)
2025-12-22T21:12:33.5266955Z Resolving deltas:  45% (216/480)
2025-12-22T21:12:33.5267347Z Resolving deltas:  46% (221/480)
2025-12-22T21:12:33.5267732Z Resolving deltas:  47% (226/480)
2025-12-22T21:12:33.5268113Z Resolving deltas:  48% (231/480)
2025-12-22T21:12:33.5268506Z Resolving deltas:  49% (236/480)
2025-12-22T21:12:33.5268904Z Resolving deltas:  50% (240/480)
2025-12-22T21:12:33.5269308Z Resolving deltas:  51% (245/480)
2025-12-22T21:12:33.5269721Z Resolving deltas:  52% (250/480)
2025-12-22T21:12:33.5270144Z Resolving deltas:  53% (255/480)
2025-12-22T21:12:33.5270557Z Resolving deltas:  54% (260/480)
2025-12-22T21:12:33.5270907Z Resolving deltas:  55% (264/480)
2025-12-22T21:12:33.5271282Z Resolving deltas:  56% (269/480)
2025-12-22T21:12:33.5271709Z Resolving deltas:  57% (274/480)
2025-12-22T21:12:33.5272111Z Resolving deltas:  58% (279/480)
2025-12-22T21:12:33.5277322Z Resolving deltas:  59% (284/480)
2025-12-22T21:12:33.5285098Z Resolving deltas:  60% (288/480)
2025-12-22T21:12:33.5301845Z Resolving deltas:  61% (293/480)
2025-12-22T21:12:33.5302438Z Resolving deltas:  62% (298/480)
2025-12-22T21:12:33.5302968Z Resolving deltas:  63% (303/480)
2025-12-22T21:12:33.5307729Z Resolving deltas:  64% (308/480)
2025-12-22T21:12:33.5313764Z Resolving deltas:  65% (312/480)
2025-12-22T21:12:33.5319505Z Resolving deltas:  66% (317/480)
2025-12-22T21:12:33.5323737Z Resolving deltas:  67% (322/480)
2025-12-22T21:12:33.5326568Z Resolving deltas:  68% (327/480)
2025-12-22T21:12:33.5327844Z Resolving deltas:  69% (332/480)
2025-12-22T21:12:33.5329299Z Resolving deltas:  70% (336/480)
2025-12-22T21:12:33.5329686Z Resolving deltas:  71% (341/480)
2025-12-22T21:12:33.5330052Z Resolving deltas:  72% (346/480)
2025-12-22T21:12:33.5330411Z Resolving deltas:  73% (351/480)
2025-12-22T21:12:33.5330694Z Resolving deltas:  74% (356/480)
2025-12-22T21:12:33.5332989Z Resolving deltas:  75% (360/480)
2025-12-22T21:12:33.5334327Z Resolving deltas:  76% (366/480)
2025-12-22T21:12:33.5336789Z Resolving deltas:  77% (370/480)
2025-12-22T21:12:33.5338854Z Resolving deltas:  78% (375/480)
2025-12-22T21:12:33.5341818Z Resolving deltas:  79% (380/480)
2025-12-22T21:12:33.5344691Z Resolving deltas:  80% (384/480)
2025-12-22T21:12:33.5346988Z Resolving deltas:  81% (390/480)
2025-12-22T21:12:33.5347431Z Resolving deltas:  82% (394/480)
2025-12-22T21:12:33.5347870Z Resolving deltas:  83% (399/480)
2025-12-22T21:12:33.5348273Z Resolving deltas:  84% (404/480)
2025-12-22T21:12:33.5348690Z Resolving deltas:  85% (408/480)
2025-12-22T21:12:33.5349108Z Resolving deltas:  86% (413/480)
2025-12-22T21:12:33.5350240Z Resolving deltas:  87% (418/480)
2025-12-22T21:12:33.5351878Z Resolving deltas:  88% (423/480)
2025-12-22T21:12:33.5352784Z Resolving deltas:  89% (428/480)
2025-12-22T21:12:33.5354723Z Resolving deltas:  90% (433/480)
2025-12-22T21:12:33.5355133Z Resolving deltas:  91% (437/480)
2025-12-22T21:12:33.5355815Z Resolving deltas:  92% (442/480)
2025-12-22T21:12:33.5358782Z Resolving deltas:  93% (448/480)
2025-12-22T21:12:33.5364534Z Resolving deltas:  94% (452/480)
2025-12-22T21:12:33.5367732Z Resolving deltas:  95% (456/480)
2025-12-22T21:12:33.5370385Z Resolving deltas:  96% (461/480)
2025-12-22T21:12:33.5378671Z Resolving deltas:  97% (466/480)
2025-12-22T21:12:33.5398062Z Resolving deltas:  98% (471/480)
2025-12-22T21:12:33.5411340Z Resolving deltas:  99% (476/480)
2025-12-22T21:12:33.5411795Z Resolving deltas: 100% (480/480)
2025-12-22T21:12:33.5412060Z Resolving deltas: 100% (480/480), done.
2025-12-22T21:12:33.5500310Z From https://github.com/aws-samples/aws-iot-securetunneling-localproxy
2025-12-22T21:12:33.5500984Z  * [new branch]      artifact       -> origin/artifact
2025-12-22T21:12:33.5501532Z  * [new branch]      docker-builds  -> origin/docker-builds
2025-12-22T21:12:33.5502033Z  * [new branch]      main           -> origin/main
2025-12-22T21:12:33.5502472Z  * [new tag]         v1.1.0         -> v1.1.0
2025-12-22T21:12:33.5502883Z  * [new tag]         v2.1.0         -> v2.1.0
2025-12-22T21:12:33.5503223Z  * [new tag]         v2.3.1         -> v2.3.1
2025-12-22T21:12:33.5503622Z  * [new tag]         v3.0.0         -> v3.0.0
2025-12-22T21:12:33.5503895Z  * [new tag]         v3.0.1         -> v3.0.1
2025-12-22T21:12:33.5504282Z  * [new tag]         v3.0.2         -> v3.0.2
2025-12-22T21:12:33.5504613Z  * [new tag]         v3.1.0         -> v3.1.0
2025-12-22T21:12:33.5504870Z  * [new tag]         v3.1.1         -> v3.1.1
2025-12-22T21:12:33.5505144Z  * [new tag]         v3.1.1-alpha-1 -> v3.1.1-alpha-1
2025-12-22T21:12:33.5505407Z  * [new tag]         v3.1.2         -> v3.1.2
2025-12-22T21:12:33.5542167Z [command]/usr/bin/git branch --list --remote origin/main
2025-12-22T21:12:33.5561426Z   origin/main
2025-12-22T21:12:33.5567732Z [command]/usr/bin/git rev-parse refs/remotes/origin/main
2025-12-22T21:12:33.5584508Z d9fb7582ffcd6b328ad5dff5f6744765cd941444
2025-12-22T21:12:33.5588299Z ##[endgroup]
2025-12-22T21:12:33.5588738Z ##[group]Determining the checkout info
2025-12-22T21:12:33.5589394Z ##[endgroup]
2025-12-22T21:12:33.5589875Z ##[group]Checking out the ref
2025-12-22T21:12:33.5592759Z [command]/usr/bin/git checkout --progress --force -B main refs/remotes/origin/main
2025-12-22T21:12:33.5669360Z Switched to a new branch 'main'
2025-12-22T21:12:33.5669945Z branch 'main' set up to track 'origin/main'.
2025-12-22T21:12:33.5675069Z ##[endgroup]
2025-12-22T21:12:33.5706419Z [command]/usr/bin/git log -1 --format='%H'
2025-12-22T21:12:33.5724575Z 'd9fb7582ffcd6b328ad5dff5f6744765cd941444'
2025-12-22T21:12:33.5828062Z ##[group]Run docker/setup-qemu-action@v2
2025-12-22T21:12:33.5828307Z with:
2025-12-22T21:12:33.5828503Z   image: tonistiigi/binfmt:latest
2025-12-22T21:12:33.5828727Z   platforms: all
2025-12-22T21:12:33.5828897Z env:
2025-12-22T21:12:33.5829115Z   PACKAGE_NAME: aws-iot-securetunneling-localproxy
2025-12-22T21:12:33.5829396Z   ECR_ACCOUNT_URL: public.ecr.aws
2025-12-22T21:12:33.5829692Z   ECR_BASE_UBUNTU: aws-iot-securetunneling-localproxy/ubuntu-base
2025-12-22T21:12:33.5830075Z   ECR_BASE_UBI8: aws-iot-securetunneling-localproxy/ubi8-base
2025-12-22T21:12:33.5830470Z   ECR_BASE_AMAZONLINUX: aws-iot-securetunneling-localproxy/amazonlinux-base
2025-12-22T21:12:33.5830873Z   ECR_BASE_DEBIAN: aws-iot-securetunneling-localproxy/debian-base
2025-12-22T21:12:33.5831246Z   ECR_BASE_FEDORA: aws-iot-securetunneling-localproxy/fedora-base
2025-12-22T21:12:33.5831648Z   ECR_RELEASE_UBUNTU: aws-iot-securetunneling-localproxy/ubuntu-bin
2025-12-22T21:12:33.5832065Z   ECR_RELEASE_UBI8: aws-iot-securetunneling-localproxy/ubi8-bin
2025-12-22T21:12:33.5832472Z   ECR_RELEASE_AMAZONLINUX: aws-iot-securetunneling-localproxy/amazonlinux-bin
2025-12-22T21:12:33.5832890Z   ECR_RELEASE_DEBIAN: aws-iot-securetunneling-localproxy/debian-bin
2025-12-22T21:12:33.5833277Z   ECR_RELEASE_FEDORA: aws-iot-securetunneling-localproxy/fedora-bin
2025-12-22T21:12:33.5833589Z   AWS_DEFAULT_REGION: us-east-1
2025-12-22T21:12:33.5833801Z   AWS_REGION: us-east-1
2025-12-22T21:12:33.5834582Z   AWS_ACCESS_KEY_ID: ***
2025-12-22T21:12:33.5834886Z   AWS_SECRET_ACCESS_KEY: ***
2025-12-22T21:12:33.5835097Z ##[endgroup]
2025-12-22T21:12:33.6222686Z ##[group]Docker info
2025-12-22T21:12:33.6259790Z [command]/usr/bin/docker version
2025-12-22T21:12:33.6435206Z Client: Docker Engine - Community
2025-12-22T21:12:33.6435947Z  Version:           28.0.4
2025-12-22T21:12:33.6436590Z  API version:       1.48
2025-12-22T21:12:33.6436950Z  Go version:        go1.23.7
2025-12-22T21:12:33.6437282Z  Git commit:        b8034c0
2025-12-22T21:12:33.6437526Z  Built:             Tue Mar 25 15:07:16 2025
2025-12-22T21:12:33.6437778Z  OS/Arch:           linux/amd64
2025-12-22T21:12:33.6437991Z  Context:           default
2025-12-22T21:12:33.6438119Z 
2025-12-22T21:12:33.6438215Z Server: Docker Engine - Community
2025-12-22T21:12:33.6438437Z  Engine:
2025-12-22T21:12:33.6438607Z   Version:          28.0.4
2025-12-22T21:12:33.6438832Z   API version:      1.48 (minimum version 1.24)
2025-12-22T21:12:33.6439089Z   Go version:       go1.23.7
2025-12-22T21:12:33.6439310Z   Git commit:       6430e49
2025-12-22T21:12:33.6439604Z   Built:            Tue Mar 25 15:07:16 2025
2025-12-22T21:12:33.6439958Z   OS/Arch:          linux/amd64
2025-12-22T21:12:33.6440299Z   Experimental:     false
2025-12-22T21:12:33.6440613Z  containerd:
2025-12-22T21:12:33.6440906Z   Version:          v2.2.0
2025-12-22T21:12:33.6441365Z   GitCommit:        1c4457e00facac03ce1d75f7b6777a7a851e5c41
2025-12-22T21:12:33.6441793Z  runc:
2025-12-22T21:12:33.6442062Z   Version:          1.3.4
2025-12-22T21:12:33.6442418Z   GitCommit:        v1.3.4-0-gd6d73eb8
2025-12-22T21:12:33.6442785Z  docker-init:
2025-12-22T21:12:33.6443077Z   Version:          0.19.0
2025-12-22T21:12:33.6443418Z   GitCommit:        de40ad0
2025-12-22T21:12:33.6473388Z [command]/usr/bin/docker info
2025-12-22T21:12:33.8742726Z Client: Docker Engine - Community
2025-12-22T21:12:33.8743266Z  Version:    28.0.4
2025-12-22T21:12:33.8743580Z  Context:    default
2025-12-22T21:12:33.8743901Z  Debug Mode: false
2025-12-22T21:12:33.8744310Z  Plugins:
2025-12-22T21:12:33.8744607Z   buildx: Docker Buildx (Docker Inc.)
2025-12-22T21:12:33.8745006Z     Version:  v0.30.1
2025-12-22T21:12:33.8745410Z     Path:     /usr/libexec/docker/cli-plugins/docker-buildx
2025-12-22T21:12:33.8745900Z   compose: Docker Compose (Docker Inc.)
2025-12-22T21:12:33.8746267Z     Version:  v2.38.2
2025-12-22T21:12:33.8746669Z     Path:     /usr/libexec/docker/cli-plugins/docker-compose
2025-12-22T21:12:33.8747060Z 
2025-12-22T21:12:33.8747176Z Server:
2025-12-22T21:12:33.8747838Z  Containers: 0
2025-12-22T21:12:33.8748146Z   Running: 0
2025-12-22T21:12:33.8748433Z   Paused: 0
2025-12-22T21:12:33.8748679Z   Stopped: 0
2025-12-22T21:12:33.8748913Z  Images: 0
2025-12-22T21:12:33.8749167Z  Server Version: 28.0.4
2025-12-22T21:12:33.8749496Z  Storage Driver: overlay2
2025-12-22T21:12:33.8749780Z   Backing Filesystem: extfs
2025-12-22T21:12:33.8749994Z   Supports d_type: true
2025-12-22T21:12:33.8750246Z   Using metacopy: false
2025-12-22T21:12:33.8750461Z   Native Overlay Diff: false
2025-12-22T21:12:33.8750676Z   userxattr: false
2025-12-22T21:12:33.8750869Z  Logging Driver: json-file
2025-12-22T21:12:33.8751083Z  Cgroup Driver: systemd
2025-12-22T21:12:33.8751277Z  Cgroup Version: 2
2025-12-22T21:12:33.8751449Z  Plugins:
2025-12-22T21:12:33.8751618Z   Volume: local
2025-12-22T21:12:33.8751836Z   Network: bridge host ipvlan macvlan null overlay
2025-12-22T21:12:33.8752210Z   Log: awslogs fluentd gcplogs gelf journald json-file local splunk syslog
2025-12-22T21:12:33.8752526Z  Swarm: inactive
2025-12-22T21:12:33.8752734Z  Runtimes: io.containerd.runc.v2 runc
2025-12-22T21:12:33.8752981Z  Default Runtime: runc
2025-12-22T21:12:33.8753176Z  Init Binary: docker-init
2025-12-22T21:12:33.8753458Z  containerd version: 1c4457e00facac03ce1d75f7b6777a7a851e5c41
2025-12-22T21:12:33.8753897Z  runc version: v1.3.4-0-gd6d73eb8
2025-12-22T21:12:33.8754441Z  init version: de40ad0
2025-12-22T21:12:33.8754747Z  Security Options:
2025-12-22T21:12:33.8754946Z   apparmor
2025-12-22T21:12:33.8755107Z   seccomp
2025-12-22T21:12:33.8755366Z    Profile: builtin
2025-12-22T21:12:33.8755651Z   cgroupns
2025-12-22T21:12:33.8755892Z  Kernel Version: 6.11.0-1018-azure
2025-12-22T21:12:33.8756188Z  Operating System: Ubuntu 24.04.3 LTS
2025-12-22T21:12:33.8756562Z  OSType: linux
2025-12-22T21:12:33.8756797Z  Architecture: x86_64
2025-12-22T21:12:33.8757156Z  CPUs: 4
2025-12-22T21:12:33.8757333Z  Total Memory: 15.62GiB
2025-12-22T21:12:33.8757525Z  Name: runnervmh13bl
2025-12-22T21:12:33.8757748Z  ID: 0a695d56-123a-42a8-a772-617b83954cb8
2025-12-22T21:12:33.8757998Z  Docker Root Dir: /var/lib/docker
2025-12-22T21:12:33.8758213Z  Debug Mode: false
2025-12-22T21:12:33.8758408Z  Username: githubactions
2025-12-22T21:12:33.8758621Z  Experimental: false
2025-12-22T21:12:33.8758817Z  Insecure Registries:
2025-12-22T21:12:33.8763318Z   ::1/128
2025-12-22T21:12:33.8763528Z   127.0.0.0/8
2025-12-22T21:12:33.8763734Z  Live Restore Enabled: false
2025-12-22T21:12:33.8763902Z 
2025-12-22T21:12:33.8764798Z ##[endgroup]
2025-12-22T21:12:33.8765205Z ##[group]Pulling binfmt Docker image
2025-12-22T21:12:33.8769278Z [command]/usr/bin/docker pull tonistiigi/binfmt:latest
2025-12-22T21:12:34.3016030Z latest: Pulling from tonistiigi/binfmt
2025-12-22T21:12:34.4205830Z f4700b809f99: Pulling fs layer
2025-12-22T21:12:34.4206359Z 2adec5d296ac: Pulling fs layer
2025-12-22T21:12:34.5621005Z 2adec5d296ac: Verifying Checksum
2025-12-22T21:12:34.5621356Z 2adec5d296ac: Download complete
2025-12-22T21:12:34.8211349Z f4700b809f99: Verifying Checksum
2025-12-22T21:12:34.8211703Z f4700b809f99: Download complete
2025-12-22T21:12:35.1631260Z f4700b809f99: Pull complete
2025-12-22T21:12:35.2141429Z 2adec5d296ac: Pull complete
2025-12-22T21:12:35.2175861Z Digest: sha256:30cc9a4d03765acac9be2ed0afc23af1ad018aed2c28ea4be8c2eb9afe03fbd1
2025-12-22T21:12:35.2191084Z Status: Downloaded newer image for tonistiigi/binfmt:latest
2025-12-22T21:12:35.2201410Z docker.io/tonistiigi/binfmt:latest
2025-12-22T21:12:35.2214739Z ##[endgroup]
2025-12-22T21:12:35.2215225Z ##[group]Image info
2025-12-22T21:12:35.2226713Z [command]/usr/bin/docker image inspect tonistiigi/binfmt:latest
2025-12-22T21:12:35.2348578Z [
2025-12-22T21:12:35.2348850Z     {
2025-12-22T21:12:35.2349349Z         "Id": "sha256:c97f15e717f7eb99d237e46f0a3553da8cfdf470a15bba459c056d90d0e398f5",
2025-12-22T21:12:35.2349893Z         "RepoTags": [
2025-12-22T21:12:35.2350252Z             "tonistiigi/binfmt:latest"
2025-12-22T21:12:35.2350598Z         ],
2025-12-22T21:12:35.2351352Z         "RepoDigests": [
2025-12-22T21:12:35.2351996Z             "tonistiigi/binfmt@sha256:30cc9a4d03765acac9be2ed0afc23af1ad018aed2c28ea4be8c2eb9afe03fbd1"
2025-12-22T21:12:35.2352669Z         ],
2025-12-22T21:12:35.2352933Z         "Parent": "",
2025-12-22T21:12:35.2353283Z         "Comment": "buildkit.dockerfile.v0",
2025-12-22T21:12:35.2353731Z         "Created": "2025-09-11T09:43:57.050886711Z",
2025-12-22T21:12:35.2354331Z         "DockerVersion": "",
2025-12-22T21:12:35.2354806Z         "Author": "",
2025-12-22T21:12:35.2355120Z         "Config": {
2025-12-22T21:12:35.2356015Z             "Hostname": "",
2025-12-22T21:12:35.2356409Z             "Domainname": "",
2025-12-22T21:12:35.2356748Z             "User": "",
2025-12-22T21:12:35.2357075Z             "AttachStdin": false,
2025-12-22T21:12:35.2357444Z             "AttachStdout": false,
2025-12-22T21:12:35.2357838Z             "AttachStderr": false,
2025-12-22T21:12:35.2358164Z             "Tty": false,
2025-12-22T21:12:35.2358478Z             "OpenStdin": false,
2025-12-22T21:12:35.2358847Z             "StdinOnce": false,
2025-12-22T21:12:35.2359176Z             "Env": [
2025-12-22T21:12:35.2359632Z                 "PATH=/usr/local/sbin:/usr/local/bin:/usr/sbin:/usr/bin:/sbin:/bin",
2025-12-22T21:12:35.2360196Z                 "QEMU_PRESERVE_ARGV0=1"
2025-12-22T21:12:35.2360535Z             ],
2025-12-22T21:12:35.2360781Z             "Cmd": null,
2025-12-22T21:12:35.2361102Z             "Image": "",
2025-12-22T21:12:35.2361419Z             "Volumes": {
2025-12-22T21:12:35.2361725Z                 "/tmp": {}
2025-12-22T21:12:35.2362041Z             },
2025-12-22T21:12:35.2362315Z             "WorkingDir": "/",
2025-12-22T21:12:35.2362647Z             "Entrypoint": [
2025-12-22T21:12:35.2362985Z                 "/usr/bin/binfmt"
2025-12-22T21:12:35.2363325Z             ],
2025-12-22T21:12:35.2363601Z             "OnBuild": null,
2025-12-22T21:12:35.2364400Z             "Labels": {
2025-12-22T21:12:35.2364847Z                 "org.opencontainers.image.created": "2025-09-11T09:13:47.128Z",
2025-12-22T21:12:35.2365759Z                 "org.opencontainers.image.description": "Cross-platform emulator collection distributed with Docker images",
2025-12-22T21:12:35.2366516Z                 "org.opencontainers.image.licenses": "MIT",
2025-12-22T21:12:35.2367146Z                 "org.opencontainers.image.revision": "8bf932dba1f67bb274320e7cebece2807e4b99e1",
2025-12-22T21:12:35.2367912Z                 "org.opencontainers.image.source": "https://github.com/tonistiigi/binfmt",
2025-12-22T21:12:35.2368320Z                 "org.opencontainers.image.title": "Binfmt",
2025-12-22T21:12:35.2368704Z                 "org.opencontainers.image.url": "https://github.com/tonistiigi/binfmt",
2025-12-22T21:12:35.2369115Z                 "org.opencontainers.image.version": "qemu-v10.0.4-56"
2025-12-22T21:12:35.2369393Z             }
2025-12-22T21:12:35.2369585Z         },
2025-12-22T21:12:35.2369775Z         "Architecture": "amd64",
2025-12-22T21:12:35.2369985Z         "Os": "linux",
2025-12-22T21:12:35.2370193Z         "Size": 83325873,
2025-12-22T21:12:35.2370424Z         "GraphDriver": {
2025-12-22T21:12:35.2370620Z             "Data": {
2025-12-22T21:12:35.2371065Z                 "LowerDir": "/var/lib/docker/overlay2/d18c84199ad244b58a14c1bceac392f718db752da6e3e4661342883535a2a3d7/diff",
2025-12-22T21:12:35.2371794Z                 "MergedDir": "/var/lib/docker/overlay2/322bc8fde35ef0beb2cc577924c88c5ef5b38c48076ee37d4b132510d359e8df/merged",
2025-12-22T21:12:35.2372503Z                 "UpperDir": "/var/lib/docker/overlay2/322bc8fde35ef0beb2cc577924c88c5ef5b38c48076ee37d4b132510d359e8df/diff",
2025-12-22T21:12:35.2373201Z                 "WorkDir": "/var/lib/docker/overlay2/322bc8fde35ef0beb2cc577924c88c5ef5b38c48076ee37d4b132510d359e8df/work"
2025-12-22T21:12:35.2373650Z             },
2025-12-22T21:12:35.2373842Z             "Name": "overlay2"
2025-12-22T21:12:35.2374046Z         },
2025-12-22T21:12:35.2374383Z         "RootFS": {
2025-12-22T21:12:35.2374580Z             "Type": "layers",
2025-12-22T21:12:35.2374959Z             "Layers": [
2025-12-22T21:12:35.2375293Z                 "sha256:ba63059928005ec5a66585f9353d2f4e14eaede3da6a25acac0a4f44d809cb64",
2025-12-22T21:12:35.2375771Z                 "sha256:66aa431c2e5b0cb36e6f7fde44ab8195fab52d6c93b407c720212e28337ac745"
2025-12-22T21:12:35.2376108Z             ]
2025-12-22T21:12:35.2376280Z         },
2025-12-22T21:12:35.2376461Z         "Metadata": {
2025-12-22T21:12:35.2376668Z             "LastTagTime": "0001-01-01T00:00:00Z"
2025-12-22T21:12:35.2376912Z         }
2025-12-22T21:12:35.2377076Z     }
2025-12-22T21:12:35.2377228Z ]
2025-12-22T21:12:35.2377741Z ##[endgroup]
2025-12-22T21:12:35.2378096Z ##[group]Installing QEMU static binaries
2025-12-22T21:12:35.2378619Z [command]/usr/bin/docker run --rm --privileged tonistiigi/binfmt:latest --install all
2025-12-22T21:12:35.4042963Z installing: arm64 OK
2025-12-22T21:12:35.4043440Z installing: arm OK
2025-12-22T21:12:35.4043772Z installing: s390x OK
2025-12-22T21:12:35.4044621Z installing: riscv64 OK
2025-12-22T21:12:35.4044948Z installing: mips64le OK
2025-12-22T21:12:35.4045256Z installing: mips64 OK
2025-12-22T21:12:35.4045551Z installing: loong64 OK
2025-12-22T21:12:35.4045886Z installing: ppc64le OK
2025-12-22T21:12:35.4277335Z {
2025-12-22T21:12:35.4278332Z   "supported": [
2025-12-22T21:12:35.4278668Z     "linux/amd64",
2025-12-22T21:12:35.4278952Z     "linux/amd64/v2",
2025-12-22T21:12:35.4279240Z     "linux/amd64/v3",
2025-12-22T21:12:35.4279508Z     "linux/amd64/v4",
2025-12-22T21:12:35.4279750Z     "linux/arm64",
2025-12-22T21:12:35.4280010Z     "linux/riscv64",
2025-12-22T21:12:35.4280293Z     "linux/ppc64le",
2025-12-22T21:12:35.4280625Z     "linux/s390x",
2025-12-22T21:12:35.4280943Z     "linux/386",
2025-12-22T21:12:35.4281281Z     "linux/mips64le",
2025-12-22T21:12:35.4281589Z     "linux/mips64",
2025-12-22T21:12:35.4281822Z     "linux/loong64",
2025-12-22T21:12:35.4282412Z     "linux/arm/v7",
2025-12-22T21:12:35.4282730Z     "linux/arm/v6"
2025-12-22T21:12:35.4283023Z   ],
2025-12-22T21:12:35.4283286Z   "emulators": [
2025-12-22T21:12:35.4283582Z     "llvm-16-runtime.binfmt",
2025-12-22T21:12:35.4283955Z     "llvm-17-runtime.binfmt",
2025-12-22T21:12:35.4284463Z     "llvm-18-runtime.binfmt",
2025-12-22T21:12:35.4284794Z     "python3.12",
2025-12-22T21:12:35.4285084Z     "qemu-aarch64",
2025-12-22T21:12:35.4285383Z     "qemu-arm",
2025-12-22T21:12:35.4285660Z     "qemu-loongarch64",
2025-12-22T21:12:35.4285994Z     "qemu-mips64",
2025-12-22T21:12:35.4286314Z     "qemu-mips64el",
2025-12-22T21:12:35.4286622Z     "qemu-ppc64le",
2025-12-22T21:12:35.4286930Z     "qemu-riscv64",
2025-12-22T21:12:35.4287230Z     "qemu-s390x"
2025-12-22T21:12:35.4287512Z   ]
2025-12-22T21:12:35.4287767Z }
2025-12-22T21:12:35.4980172Z ##[endgroup]
2025-12-22T21:12:35.4981572Z ##[group]Extracting available platforms
2025-12-22T21:12:35.7104376Z linux/amd64,linux/amd64/v2,linux/amd64/v3,linux/amd64/v4,linux/arm64,linux/riscv64,linux/ppc64le,linux/s390x,linux/386,linux/mips64le,linux/mips64,linux/loong64,linux/arm/v7,linux/arm/v6
2025-12-22T21:12:35.7106544Z ##[endgroup]
2025-12-22T21:12:35.7177835Z ##[group]Run docker/setup-buildx-action@v2
2025-12-22T21:12:35.7178108Z with:
2025-12-22T21:12:35.7178299Z   driver: docker-container
2025-12-22T21:12:35.7178762Z   buildkitd-flags: --allow-insecure-entitlement security.insecure --allow-insecure-entitlement network.host
2025-12-22T21:12:35.7179215Z   install: false
2025-12-22T21:12:35.7179397Z   use: true
2025-12-22T21:12:35.7179599Z   cleanup: true
2025-12-22T21:12:35.7179772Z env:
2025-12-22T21:12:35.7179988Z   PACKAGE_NAME: aws-iot-securetunneling-localproxy
2025-12-22T21:12:35.7180270Z   ECR_ACCOUNT_URL: public.ecr.aws
2025-12-22T21:12:35.7180579Z   ECR_BASE_UBUNTU: aws-iot-securetunneling-localproxy/ubuntu-base
2025-12-22T21:12:35.7180957Z   ECR_BASE_UBI8: aws-iot-securetunneling-localproxy/ubi8-base
2025-12-22T21:12:35.7181368Z   ECR_BASE_AMAZONLINUX: aws-iot-securetunneling-localproxy/amazonlinux-base
2025-12-22T21:12:35.7181790Z   ECR_BASE_DEBIAN: aws-iot-securetunneling-localproxy/debian-base
2025-12-22T21:12:35.7182214Z   ECR_BASE_FEDORA: aws-iot-securetunneling-localproxy/fedora-base
2025-12-22T21:12:35.7182598Z   ECR_RELEASE_UBUNTU: aws-iot-securetunneling-localproxy/ubuntu-bin
2025-12-22T21:12:35.7182984Z   ECR_RELEASE_UBI8: aws-iot-securetunneling-localproxy/ubi8-bin
2025-12-22T21:12:35.7183396Z   ECR_RELEASE_AMAZONLINUX: aws-iot-securetunneling-localproxy/amazonlinux-bin
2025-12-22T21:12:35.7183815Z   ECR_RELEASE_DEBIAN: aws-iot-securetunneling-localproxy/debian-bin
2025-12-22T21:12:35.7184360Z   ECR_RELEASE_FEDORA: aws-iot-securetunneling-localproxy/fedora-bin
2025-12-22T21:12:35.7184867Z   AWS_DEFAULT_REGION: us-east-1
2025-12-22T21:12:35.7185173Z   AWS_REGION: us-east-1
2025-12-22T21:12:35.7185467Z   AWS_ACCESS_KEY_ID: ***
2025-12-22T21:12:35.7185771Z   AWS_SECRET_ACCESS_KEY: ***
2025-12-22T21:12:35.7185993Z ##[endgroup]
2025-12-22T21:12:35.8533783Z ##[group]Docker info
2025-12-22T21:12:35.8558017Z [command]/usr/bin/docker version
2025-12-22T21:12:35.8747181Z Client: Docker Engine - Community
2025-12-22T21:12:35.8750348Z  Version:           28.0.4
2025-12-22T21:12:35.8750712Z  API version:       1.48
2025-12-22T21:12:35.8751055Z  Go version:        go1.23.7
2025-12-22T21:12:35.8751406Z  Git commit:        b8034c0
2025-12-22T21:12:35.8751768Z  Built:             Tue Mar 25 15:07:16 2025
2025-12-22T21:12:35.8752180Z  OS/Arch:           linux/amd64
2025-12-22T21:12:35.8752539Z  Context:           default
2025-12-22T21:12:35.8752715Z 
2025-12-22T21:12:35.8752808Z Server: Docker Engine - Community
2025-12-22T21:12:35.8753026Z  Engine:
2025-12-22T21:12:35.8753199Z   Version:          28.0.4
2025-12-22T21:12:35.8753427Z   API version:      1.48 (minimum version 1.24)
2025-12-22T21:12:35.8753681Z   Go version:       go1.23.7
2025-12-22T21:12:35.8753890Z   Git commit:       6430e49
2025-12-22T21:12:35.8754102Z   Built:            Tue Mar 25 15:07:16 2025
2025-12-22T21:12:35.8754876Z   OS/Arch:          linux/amd64
2025-12-22T21:12:35.8755107Z   Experimental:     false
2025-12-22T21:12:35.8755308Z  containerd:
2025-12-22T21:12:35.8755491Z   Version:          v2.2.0
2025-12-22T21:12:35.8755766Z   GitCommit:        1c4457e00facac03ce1d75f7b6777a7a851e5c41
2025-12-22T21:12:35.8756040Z  runc:
2025-12-22T21:12:35.8756217Z   Version:          1.3.4
2025-12-22T21:12:35.8756439Z   GitCommit:        v1.3.4-0-gd6d73eb8
2025-12-22T21:12:35.8756664Z  docker-init:
2025-12-22T21:12:35.8756846Z   Version:          0.19.0
2025-12-22T21:12:35.8757048Z   GitCommit:        de40ad0
2025-12-22T21:12:35.8785088Z [command]/usr/bin/docker info
2025-12-22T21:12:35.9225087Z Client: Docker Engine - Community
2025-12-22T21:12:35.9225610Z  Version:    28.0.4
2025-12-22T21:12:35.9225952Z  Context:    default
2025-12-22T21:12:35.9226279Z  Debug Mode: false
2025-12-22T21:12:35.9226592Z  Plugins:
2025-12-22T21:12:35.9226902Z   buildx: Docker Buildx (Docker Inc.)
2025-12-22T21:12:35.9227312Z     Version:  v0.30.1
2025-12-22T21:12:35.9227714Z     Path:     /usr/libexec/docker/cli-plugins/docker-buildx
2025-12-22T21:12:35.9228624Z   compose: Docker Compose (Docker Inc.)
2025-12-22T21:12:35.9229026Z     Version:  v2.38.2
2025-12-22T21:12:35.9229438Z     Path:     /usr/libexec/docker/cli-plugins/docker-compose
2025-12-22T21:12:35.9229794Z 
2025-12-22T21:12:35.9229903Z Server:
2025-12-22T21:12:35.9230165Z  Containers: 0
2025-12-22T21:12:35.9230419Z   Running: 0
2025-12-22T21:12:35.9230669Z   Paused: 0
2025-12-22T21:12:35.9230924Z   Stopped: 0
2025-12-22T21:12:35.9231198Z  Images: 1
2025-12-22T21:12:35.9231500Z  Server Version: 28.0.4
2025-12-22T21:12:35.9231859Z  Storage Driver: overlay2
2025-12-22T21:12:35.9232205Z   Backing Filesystem: extfs
2025-12-22T21:12:35.9232590Z   Supports d_type: true
2025-12-22T21:12:35.9232904Z   Using metacopy: false
2025-12-22T21:12:35.9233204Z   Native Overlay Diff: false
2025-12-22T21:12:35.9233655Z   userxattr: false
2025-12-22T21:12:35.9233914Z  Logging Driver: json-file
2025-12-22T21:12:35.9234122Z  Cgroup Driver: systemd
2025-12-22T21:12:35.9234622Z  Cgroup Version: 2
2025-12-22T21:12:35.9234807Z  Plugins:
2025-12-22T21:12:35.9234981Z   Volume: local
2025-12-22T21:12:35.9235207Z   Network: bridge host ipvlan macvlan null overlay
2025-12-22T21:12:35.9235568Z   Log: awslogs fluentd gcplogs gelf journald json-file local splunk syslog
2025-12-22T21:12:35.9235933Z  Swarm: inactive
2025-12-22T21:12:35.9236147Z  Runtimes: io.containerd.runc.v2 runc
2025-12-22T21:12:35.9236399Z  Default Runtime: runc
2025-12-22T21:12:35.9236604Z  Init Binary: docker-init
2025-12-22T21:12:35.9236902Z  containerd version: 1c4457e00facac03ce1d75f7b6777a7a851e5c41
2025-12-22T21:12:35.9237220Z  runc version: v1.3.4-0-gd6d73eb8
2025-12-22T21:12:35.9237447Z  init version: de40ad0
2025-12-22T21:12:35.9237644Z  Security Options:
2025-12-22T21:12:35.9237834Z   apparmor
2025-12-22T21:12:35.9237991Z   seccomp
2025-12-22T21:12:35.9238174Z    Profile: builtin
2025-12-22T21:12:35.9238438Z   cgroupns
2025-12-22T21:12:35.9238701Z  Kernel Version: 6.11.0-1018-azure
2025-12-22T21:12:35.9239110Z  Operating System: Ubuntu 24.04.3 LTS
2025-12-22T21:12:35.9239339Z  OSType: linux
2025-12-22T21:12:35.9239519Z  Architecture: x86_64
2025-12-22T21:12:35.9239706Z  CPUs: 4
2025-12-22T21:12:35.9239872Z  Total Memory: 15.62GiB
2025-12-22T21:12:35.9240063Z  Name: runnervmh13bl
2025-12-22T21:12:35.9240270Z  ID: 0a695d56-123a-42a8-a772-617b83954cb8
2025-12-22T21:12:35.9240518Z  Docker Root Dir: /var/lib/docker
2025-12-22T21:12:35.9240729Z  Debug Mode: false
2025-12-22T21:12:35.9240917Z  Username: githubactions
2025-12-22T21:12:35.9241124Z  Experimental: false
2025-12-22T21:12:35.9241308Z  Insecure Registries:
2025-12-22T21:12:35.9241545Z   ::1/128
2025-12-22T21:12:35.9241704Z   127.0.0.0/8
2025-12-22T21:12:35.9241880Z  Live Restore Enabled: false
2025-12-22T21:12:35.9242024Z 
2025-12-22T21:12:35.9242388Z ##[endgroup]
2025-12-22T21:12:35.9814259Z ##[group]Buildx version
2025-12-22T21:12:35.9839343Z [command]/usr/bin/docker buildx version
2025-12-22T21:12:36.0326884Z github.com/docker/buildx v0.30.1 9e66234aa13328a5e75b75aa5574e1ca6d6d9c01
2025-12-22T21:12:36.0345491Z ##[endgroup]
2025-12-22T21:12:36.0351966Z ##[group]Creating a new builder instance
2025-12-22T21:12:36.0993732Z [command]/usr/bin/docker buildx create --name builder-72c92cdc-9948-4d6e-b3c5-fc5f21b1c55e --driver docker-container --buildkitd-flags --allow-insecure-entitlement security.insecure --allow-insecure-entitlement network.host --use
2025-12-22T21:12:36.1590241Z builder-72c92cdc-9948-4d6e-b3c5-fc5f21b1c55e
2025-12-22T21:12:36.1616686Z ##[endgroup]
2025-12-22T21:12:36.1617243Z ##[group]Booting builder
2025-12-22T21:12:36.1656599Z [command]/usr/bin/docker buildx inspect --bootstrap --builder builder-72c92cdc-9948-4d6e-b3c5-fc5f21b1c55e
2025-12-22T21:12:36.2201578Z #1 [internal] booting buildkit
2025-12-22T21:12:36.3705912Z #1 pulling image moby/buildkit:buildx-stable-1
2025-12-22T21:12:39.4757052Z #1 pulling image moby/buildkit:buildx-stable-1 3.3s done
2025-12-22T21:12:39.6260884Z #1 creating container buildx_buildkit_builder-72c92cdc-9948-4d6e-b3c5-fc5f21b1c55e0
2025-12-22T21:12:39.7953194Z #1 creating container buildx_buildkit_builder-72c92cdc-9948-4d6e-b3c5-fc5f21b1c55e0 0.3s done
2025-12-22T21:12:39.7977570Z #1 DONE 3.6s
2025-12-22T21:12:39.8233497Z Name:          builder-72c92cdc-9948-4d6e-b3c5-fc5f21b1c55e
2025-12-22T21:12:39.8234024Z Driver:        docker-container
2025-12-22T21:12:39.8234524Z Last Activity: 2025-12-22 21:12:36 +0000 UTC
2025-12-22T21:12:39.8234705Z 
2025-12-22T21:12:39.8234775Z Nodes:
2025-12-22T21:12:39.8235015Z Name:                  builder-72c92cdc-9948-4d6e-b3c5-fc5f21b1c55e0
2025-12-22T21:12:39.8235331Z Endpoint:              unix:///var/run/docker.sock
2025-12-22T21:12:39.8235613Z Status:                running
2025-12-22T21:12:39.8236075Z BuildKit daemon flags: --allow-insecure-entitlement security.insecure --allow-insecure-entitlement network.host
2025-12-22T21:12:39.8236552Z BuildKit version:      v0.26.2
2025-12-22T21:12:39.8237294Z Platforms:             linux/amd64, linux/amd64/v2, linux/amd64/v3, linux/amd64/v4, linux/arm64, linux/riscv64, linux/ppc64le, linux/s390x, linux/386, linux/mips64le, linux/mips64, linux/loong64, linux/arm/v7, linux/arm/v6
2025-12-22T21:12:39.8237982Z Labels:
2025-12-22T21:12:39.8238399Z  org.mobyproject.buildkit.worker.executor:         oci
2025-12-22T21:12:39.8238773Z  org.mobyproject.buildkit.worker.hostname:         8f1ec9e1f6de
2025-12-22T21:12:39.8239158Z  org.mobyproject.buildkit.worker.network:          host
2025-12-22T21:12:39.8239531Z  org.mobyproject.buildkit.worker.oci.process-mode: sandbox
2025-12-22T21:12:39.8239911Z  org.mobyproject.buildkit.worker.selinux.enabled:  false
2025-12-22T21:12:39.8240300Z  org.mobyproject.buildkit.worker.snapshotter:      overlayfs
2025-12-22T21:12:39.8240632Z GC Policy rule#0:
2025-12-22T21:12:39.8240816Z  All:            false
2025-12-22T21:12:39.8241123Z  Filters:        type==source.local,type==exec.cachemount,type==source.git.checkout
2025-12-22T21:12:39.8241477Z  Keep Duration:  48h0m0s
2025-12-22T21:12:39.8241688Z  Max Used Space: 488.3MiB
2025-12-22T21:12:39.8241980Z GC Policy rule#1:
2025-12-22T21:12:39.8242237Z  All:            false
2025-12-22T21:12:39.8242517Z  Keep Duration:  1440h0m0s
2025-12-22T21:12:39.8242805Z  Reserved Space: 7.451GiB
2025-12-22T21:12:39.8243103Z  Max Used Space: 54.02GiB
2025-12-22T21:12:39.8243412Z  Min Free Space: 13.97GiB
2025-12-22T21:12:39.8243714Z GC Policy rule#2:
2025-12-22T21:12:39.8244578Z  All:            false
2025-12-22T21:12:39.8244868Z  Reserved Space: 7.451GiB
2025-12-22T21:12:39.8246084Z  Max Used Space: 54.02GiB
2025-12-22T21:12:39.8246388Z  Min Free Space: 13.97GiB
2025-12-22T21:12:39.8246738Z GC Policy rule#3:
2025-12-22T21:12:39.8246998Z  All:            true
2025-12-22T21:12:39.8247303Z  Reserved Space: 7.451GiB
2025-12-22T21:12:39.8247656Z  Max Used Space: 54.02GiB
2025-12-22T21:12:39.8248129Z  Min Free Space: 13.97GiB
2025-12-22T21:12:39.8274847Z ##[endgroup]
2025-12-22T21:12:39.9057775Z ##[group]Inspect builder
2025-12-22T21:12:39.9060777Z {
2025-12-22T21:12:39.9061019Z   "nodes": [
2025-12-22T21:12:39.9061256Z     {
2025-12-22T21:12:39.9061672Z       "name": "builder-72c92cdc-9948-4d6e-b3c5-fc5f21b1c55e0",
2025-12-22T21:12:39.9062204Z       "endpoint": "unix:///var/run/docker.sock",
2025-12-22T21:12:39.9062621Z       "status": "running",
2025-12-22T21:12:39.9063886Z       "platforms": "linux/amd64,linux/amd64/v2,linux/amd64/v3,linux/amd64/v4,linux/arm64,linux/riscv64,linux/ppc64le,linux/s390x,linux/386,linux/mips64le,linux/mips64,linux/loong64,linux/arm/v7,linux/arm/v6",
2025-12-22T21:12:39.9065403Z       "labels": {
2025-12-22T21:12:39.9065859Z         "org.mobyproject.buildkit.worker.executor": "oci",
2025-12-22T21:12:39.9066434Z         "org.mobyproject.buildkit.worker.hostname": "8f1ec9e1f6de",
2025-12-22T21:12:39.9067038Z         "org.mobyproject.buildkit.worker.network": "host",
2025-12-22T21:12:39.9067610Z         "org.mobyproject.buildkit.worker.oci.process-mode": "sandbox",
2025-12-22T21:12:39.9068097Z         "org.mobyproject.buildkit.worker.selinux.enabled": "false",
2025-12-22T21:12:39.9068496Z         "org.mobyproject.buildkit.worker.snapshotter": "overlayfs"
2025-12-22T21:12:39.9069028Z       },
2025-12-22T21:12:39.9069194Z       "gcPolicy": [
2025-12-22T21:12:39.9069383Z         {
2025-12-22T21:12:39.9069599Z           "all": false,
2025-12-22T21:12:39.9069930Z           "filter": [
2025-12-22T21:12:39.9070144Z             "type==source.local",
2025-12-22T21:12:39.9070383Z             "type==exec.cachemount",
2025-12-22T21:12:39.9070622Z             "type==source.git.checkout"
2025-12-22T21:12:39.9070851Z           ],
2025-12-22T21:12:39.9071032Z           "keepDuration": "48h0m0s"
2025-12-22T21:12:39.9071237Z         },
2025-12-22T21:12:39.9071396Z         {
2025-12-22T21:12:39.9071561Z           "all": false,
2025-12-22T21:12:39.9071755Z           "keepDuration": "1440h0m0s"
2025-12-22T21:12:39.9071975Z         },
2025-12-22T21:12:39.9072135Z         {
2025-12-22T21:12:39.9072295Z           "all": false
2025-12-22T21:12:39.9072494Z         },
2025-12-22T21:12:39.9072714Z         {
2025-12-22T21:12:39.9072915Z           "all": true
2025-12-22T21:12:39.9073095Z         }
2025-12-22T21:12:39.9073304Z       ]
2025-12-22T21:12:39.9073529Z     }
2025-12-22T21:12:39.9073712Z   ],
2025-12-22T21:12:39.9073981Z   "name": "builder-72c92cdc-9948-4d6e-b3c5-fc5f21b1c55e",
2025-12-22T21:12:39.9074474Z   "driver": "docker-container",
2025-12-22T21:12:39.9074773Z   "lastActivity": "2025-12-22T21:12:36.000Z"
2025-12-22T21:12:39.9075007Z }
2025-12-22T21:12:39.9075401Z ##[endgroup]
2025-12-22T21:12:39.9075751Z ##[group]BuildKit version
2025-12-22T21:12:40.1219646Z builder-72c92cdc-9948-4d6e-b3c5-fc5f21b1c55e0: moby/buildkit:buildx-stable-1 => buildkitd github.com/moby/buildkit v0.26.2 be1f38efe73c6a93cc429a0488ad6e1db663398c
2025-12-22T21:12:40.1220667Z ##[endgroup]
2025-12-22T21:12:40.1315634Z ##[group]Run docker/build-push-action@v4
2025-12-22T21:12:40.1315895Z with:
2025-12-22T21:12:40.1316142Z   file: .github/docker-images/bin-images/fedora/Dockerfile
2025-12-22T21:12:40.1316661Z   build-args: OS=fedora:latest
BASE_IMAGE=public.ecr.aws/aws-iot-securetunneling-localproxy/fedora-base:amd64-latest

2025-12-22T21:12:40.1317206Z   context: .
2025-12-22T21:12:40.1338756Z   push: true
2025-12-22T21:12:40.1339697Z   tags: public.ecr.aws/aws-iot-securetunneling-localproxy/fedora-bin:amd64-d9fb7582ffcd6b328ad5dff5f6744765cd941444
public.ecr.aws/aws-iot-securetunneling-localproxy/fedora-bin:amd64-latest
public.ecr.aws/aws-iot-securetunneling-localproxy/fedora-bin:latest

2025-12-22T21:12:40.1340647Z   platforms: linux/amd64
2025-12-22T21:12:40.1340863Z   load: false
2025-12-22T21:12:40.1341042Z   no-cache: false
2025-12-22T21:12:40.1341218Z   pull: false
2025-12-22T21:12:40.1341583Z   github-token: ***
2025-12-22T21:12:40.1341776Z env:
2025-12-22T21:12:40.1342035Z   PACKAGE_NAME: aws-iot-securetunneling-localproxy
2025-12-22T21:12:40.1342331Z   ECR_ACCOUNT_URL: public.ecr.aws
2025-12-22T21:12:40.1342819Z   ECR_BASE_UBUNTU: aws-iot-securetunneling-localproxy/ubuntu-base
2025-12-22T21:12:40.1343197Z   ECR_BASE_UBI8: aws-iot-securetunneling-localproxy/ubi8-base
2025-12-22T21:12:40.1343600Z   ECR_BASE_AMAZONLINUX: aws-iot-securetunneling-localproxy/amazonlinux-base
2025-12-22T21:12:40.1344009Z   ECR_BASE_DEBIAN: aws-iot-securetunneling-localproxy/debian-base
2025-12-22T21:12:40.1344505Z   ECR_BASE_FEDORA: aws-iot-securetunneling-localproxy/fedora-base
2025-12-22T21:12:40.1344898Z   ECR_RELEASE_UBUNTU: aws-iot-securetunneling-localproxy/ubuntu-bin
2025-12-22T21:12:40.1345291Z   ECR_RELEASE_UBI8: aws-iot-securetunneling-localproxy/ubi8-bin
2025-12-22T21:12:40.1345702Z   ECR_RELEASE_AMAZONLINUX: aws-iot-securetunneling-localproxy/amazonlinux-bin
2025-12-22T21:12:40.1346136Z   ECR_RELEASE_DEBIAN: aws-iot-securetunneling-localproxy/debian-bin
2025-12-22T21:12:40.1346539Z   ECR_RELEASE_FEDORA: aws-iot-securetunneling-localproxy/fedora-bin
2025-12-22T21:12:40.1346852Z   AWS_DEFAULT_REGION: us-east-1
2025-12-22T21:12:40.1347075Z   AWS_REGION: us-east-1
2025-12-22T21:12:40.1347317Z   AWS_ACCESS_KEY_ID: ***
2025-12-22T21:12:40.1347617Z   AWS_SECRET_ACCESS_KEY: ***
2025-12-22T21:12:40.1347817Z ##[endgroup]
2025-12-22T21:12:40.2680434Z ##[group]GitHub Actions runtime token ACs
2025-12-22T21:12:40.2711141Z refs/heads/main: read/write
2025-12-22T21:12:40.2712295Z ##[endgroup]
2025-12-22T21:12:40.2712899Z ##[group]Docker info
2025-12-22T21:12:40.2763383Z [command]/usr/bin/docker version
2025-12-22T21:12:40.2941686Z Client: Docker Engine - Community
2025-12-22T21:12:40.2944419Z  Version:           28.0.4
2025-12-22T21:12:40.2944801Z  API version:       1.48
2025-12-22T21:12:40.2945290Z  Go version:        go1.23.7
2025-12-22T21:12:40.2945654Z  Git commit:        b8034c0
2025-12-22T21:12:40.2946000Z  Built:             Tue Mar 25 15:07:16 2025
2025-12-22T21:12:40.2946338Z  OS/Arch:           linux/amd64
2025-12-22T21:12:40.2946591Z  Context:           default
2025-12-22T21:12:40.2946791Z 
2025-12-22T21:12:40.2946939Z Server: Docker Engine - Community
2025-12-22T21:12:40.2947286Z  Engine:
2025-12-22T21:12:40.2947544Z   Version:          28.0.4
2025-12-22T21:12:40.2947914Z   API version:      1.48 (minimum version 1.24)
2025-12-22T21:12:40.2948345Z   Go version:       go1.23.7
2025-12-22T21:12:40.2948688Z   Git commit:       6430e49
2025-12-22T21:12:40.2949060Z   Built:            Tue Mar 25 15:07:16 2025
2025-12-22T21:12:40.2949453Z   OS/Arch:          linux/amd64
2025-12-22T21:12:40.2949790Z   Experimental:     false
2025-12-22T21:12:40.2950129Z  containerd:
2025-12-22T21:12:40.2950408Z   Version:          v2.2.0
2025-12-22T21:12:40.2950858Z   GitCommit:        1c4457e00facac03ce1d75f7b6777a7a851e5c41
2025-12-22T21:12:40.2951334Z  runc:
2025-12-22T21:12:40.2951603Z   Version:          1.3.4
2025-12-22T21:12:40.2951956Z   GitCommit:        v1.3.4-0-gd6d73eb8
2025-12-22T21:12:40.2952366Z  docker-init:
2025-12-22T21:12:40.2953046Z   Version:          0.19.0
2025-12-22T21:12:40.2953378Z   GitCommit:        de40ad0
2025-12-22T21:12:40.2981235Z [command]/usr/bin/docker info
2025-12-22T21:12:40.3357017Z Client: Docker Engine - Community
2025-12-22T21:12:40.3357932Z  Version:    28.0.4
2025-12-22T21:12:40.3358253Z  Context:    default
2025-12-22T21:12:40.3358594Z  Debug Mode: false
2025-12-22T21:12:40.3358885Z  Plugins:
2025-12-22T21:12:40.3359204Z   buildx: Docker Buildx (Docker Inc.)
2025-12-22T21:12:40.3359626Z     Version:  v0.30.1
2025-12-22T21:12:40.3360065Z     Path:     /usr/libexec/docker/cli-plugins/docker-buildx
2025-12-22T21:12:40.3360584Z   compose: Docker Compose (Docker Inc.)
2025-12-22T21:12:40.3360989Z     Version:  v2.38.2
2025-12-22T21:12:40.3361442Z     Path:     /usr/libexec/docker/cli-plugins/docker-compose
2025-12-22T21:12:40.3361804Z 
2025-12-22T21:12:40.3361914Z Server:
2025-12-22T21:12:40.3362164Z  Containers: 1
2025-12-22T21:12:40.3362450Z   Running: 1
2025-12-22T21:12:40.3362683Z   Paused: 0
2025-12-22T21:12:40.3362970Z   Stopped: 0
2025-12-22T21:12:40.3363225Z  Images: 2
2025-12-22T21:12:40.3363485Z  Server Version: 28.0.4
2025-12-22T21:12:40.3364423Z  Storage Driver: overlay2
2025-12-22T21:12:40.3364804Z   Backing Filesystem: extfs
2025-12-22T21:12:40.3365152Z   Supports d_type: true
2025-12-22T21:12:40.3365460Z   Using metacopy: false
2025-12-22T21:12:40.3365774Z   Native Overlay Diff: false
2025-12-22T21:12:40.3366099Z   userxattr: false
2025-12-22T21:12:40.3366402Z  Logging Driver: json-file
2025-12-22T21:12:40.3366730Z  Cgroup Driver: systemd
2025-12-22T21:12:40.3367022Z  Cgroup Version: 2
2025-12-22T21:12:40.3367301Z  Plugins:
2025-12-22T21:12:40.3367556Z   Volume: local
2025-12-22T21:12:40.3367898Z   Network: bridge host ipvlan macvlan null overlay
2025-12-22T21:12:40.3368513Z   Log: awslogs fluentd gcplogs gelf journald json-file local splunk syslog
2025-12-22T21:12:40.3369032Z  Swarm: inactive
2025-12-22T21:12:40.3369340Z  Runtimes: io.containerd.runc.v2 runc
2025-12-22T21:12:40.3369756Z  Default Runtime: runc
2025-12-22T21:12:40.3370084Z  Init Binary: docker-init
2025-12-22T21:12:40.3370505Z  containerd version: 1c4457e00facac03ce1d75f7b6777a7a851e5c41
2025-12-22T21:12:40.3371033Z  runc version: v1.3.4-0-gd6d73eb8
2025-12-22T21:12:40.3371407Z  init version: de40ad0
2025-12-22T21:12:40.3371714Z  Security Options:
2025-12-22T21:12:40.3372008Z   apparmor
2025-12-22T21:12:40.3372251Z   seccomp
2025-12-22T21:12:40.3372508Z    Profile: builtin
2025-12-22T21:12:40.3372798Z   cgroupns
2025-12-22T21:12:40.3373090Z  Kernel Version: 6.11.0-1018-azure
2025-12-22T21:12:40.3373482Z  Operating System: Ubuntu 24.04.3 LTS
2025-12-22T21:12:40.3373856Z  OSType: linux
2025-12-22T21:12:40.3374303Z  Architecture: x86_64
2025-12-22T21:12:40.3374613Z  CPUs: 4
2025-12-22T21:12:40.3374879Z  Total Memory: 15.62GiB
2025-12-22T21:12:40.3375195Z  Name: runnervmh13bl
2025-12-22T21:12:40.3375529Z  ID: 0a695d56-123a-42a8-a772-617b83954cb8
2025-12-22T21:12:40.3375951Z  Docker Root Dir: /var/lib/docker
2025-12-22T21:12:40.3376330Z  Debug Mode: false
2025-12-22T21:12:40.3376644Z  Username: githubactions
2025-12-22T21:12:40.3376993Z  Experimental: false
2025-12-22T21:12:40.3377320Z  Insecure Registries:
2025-12-22T21:12:40.3377663Z   ::1/128
2025-12-22T21:12:40.3377913Z   127.0.0.0/8
2025-12-22T21:12:40.3378206Z  Live Restore Enabled: false
2025-12-22T21:12:40.3378446Z 
2025-12-22T21:12:40.3378892Z ##[endgroup]
2025-12-22T21:12:40.3379434Z ##[group]Proxy configuration
2025-12-22T21:12:40.3379799Z No proxy configuration found
2025-12-22T21:12:40.3380370Z ##[endgroup]
2025-12-22T21:12:40.3922463Z ##[group]Buildx version
2025-12-22T21:12:40.3945513Z [command]/usr/bin/docker buildx version
2025-12-22T21:12:40.4411174Z github.com/docker/buildx v0.30.1 9e66234aa13328a5e75b75aa5574e1ca6d6d9c01
2025-12-22T21:12:40.4430634Z ##[endgroup]
2025-12-22T21:12:40.7889863Z [command]/usr/bin/docker buildx build --build-arg OS=fedora:latest --build-arg BASE_IMAGE=public.ecr.aws/aws-iot-securetunneling-localproxy/fedora-base:amd64-latest --file .github/docker-images/bin-images/fedora/Dockerfile --iidfile /tmp/docker-actions-toolkit-pq2JL8/iidfile --platform linux/amd64 --tag public.ecr.aws/aws-iot-securetunneling-localproxy/fedora-bin:amd64-d9fb7582ffcd6b328ad5dff5f6744765cd941444 --tag public.ecr.aws/aws-iot-securetunneling-localproxy/fedora-bin:amd64-latest --tag public.ecr.aws/aws-iot-securetunneling-localproxy/fedora-bin:latest --metadata-file /tmp/docker-actions-toolkit-pq2JL8/metadata-file --push .
2025-12-22T21:12:41.0209168Z #0 building with "builder-72c92cdc-9948-4d6e-b3c5-fc5f21b1c55e" instance using docker-container driver
2025-12-22T21:12:41.0209632Z 
2025-12-22T21:12:41.0209756Z #1 [internal] load build definition from Dockerfile
2025-12-22T21:12:41.0210120Z #1 transferring dockerfile: 1.17kB done
2025-12-22T21:12:41.0210590Z #1 WARN: InvalidDefaultArgInFrom: Default value for ARG ${BASE_IMAGE} results in empty or invalid base image name (line 2)
2025-12-22T21:12:41.0211116Z #1 DONE 0.0s
2025-12-22T21:12:41.0211219Z 
2025-12-22T21:12:41.0211387Z #2 [auth] library/fedora:pull token for registry-1.docker.io
2025-12-22T21:12:41.1717754Z #2 DONE 0.0s
2025-12-22T21:12:41.1718391Z 
2025-12-22T21:12:41.1718710Z #3 [auth] aws:: aws-iot-securetunneling-localproxy/fedora-base:pull token for public.ecr.aws
2025-12-22T21:12:41.1719294Z #3 DONE 0.0s
2025-12-22T21:12:41.1719446Z 
2025-12-22T21:12:41.1719885Z #4 [internal] load metadata for public.ecr.aws/aws-iot-securetunneling-localproxy/fedora-base:amd64-latest
2025-12-22T21:12:41.3969598Z #4 ...
2025-12-22T21:12:41.3969824Z 
2025-12-22T21:12:41.3970018Z #5 [internal] load metadata for docker.io/library/fedora:latest
2025-12-22T21:12:41.3970337Z #5 DONE 0.5s
2025-12-22T21:12:41.5474281Z 
2025-12-22T21:12:41.5474954Z #4 [internal] load metadata for public.ecr.aws/aws-iot-securetunneling-localproxy/fedora-base:amd64-latest
2025-12-22T21:12:41.7068586Z #4 DONE 0.8s
2025-12-22T21:12:41.8728079Z 
2025-12-22T21:12:41.8728507Z #6 [internal] load .dockerignore
2025-12-22T21:12:41.8728980Z #6 transferring context: 2B done
2025-12-22T21:12:41.8729300Z #6 DONE 0.0s
2025-12-22T21:12:41.8729399Z 
2025-12-22T21:12:41.8729479Z #7 [internal] load build context
2025-12-22T21:12:41.8729879Z #7 transferring context: 1.03MB 0.0s done
2025-12-22T21:12:41.8730120Z #7 DONE 0.0s
2025-12-22T21:12:41.8730216Z 
2025-12-22T21:12:41.8730782Z #8 [deploy 1/3] FROM public.ecr.aws/aws-iot-securetunneling-localproxy/fedora-base:amd64-latest@sha256:78265ed940972fdb77029fccb00acdfe6307780c703c68f6cc24b11345b6ae5b
2025-12-22T21:12:41.8731855Z #8 resolve public.ecr.aws/aws-iot-securetunneling-localproxy/fedora-base:amd64-latest@sha256:78265ed940972fdb77029fccb00acdfe6307780c703c68f6cc24b11345b6ae5b done
2025-12-22T21:12:41.8732703Z #8 sha256:4f4fb700ef54461cfa02571ae0db9a0dc1e0cdb5577484a6d75e68dc38e8acc1 32B / 32B 0.1s done
2025-12-22T21:12:42.0240071Z #8 sha256:940d5c441ed8243ebd505e7186c0bb7046606118f2b71a28295e00e138f445de 0B / 37.56MB 0.2s
2025-12-22T21:12:42.0241524Z #8 sha256:bf7a74c583013ad6d345334be0b7e9a5c9e4779baf148648549930ab87bbc0ec 0B / 92.90MB 0.2s
2025-12-22T21:12:42.0242265Z #8 sha256:d2164ab589c9c4918f8d90c765c081894c2b00b0062fc28262bf488540683fea 0B / 332.90MB 0.2s
2025-12-22T21:12:42.0242941Z #8 sha256:effe0f4e28a625ce816c619dfd2f7c9c4ce7c1ac16b15e13775f160c1a8b3437 0B / 3.79MB 0.2s
2025-12-22T21:12:42.3354286Z #8 sha256:940d5c441ed8243ebd505e7186c0bb7046606118f2b71a28295e00e138f445de 6.29MB / 37.56MB 0.5s
2025-12-22T21:12:42.3355578Z #8 sha256:effe0f4e28a625ce816c619dfd2f7c9c4ce7c1ac16b15e13775f160c1a8b3437 3.79MB / 3.79MB 0.4s done
2025-12-22T21:12:42.4845274Z #8 sha256:940d5c441ed8243ebd505e7186c0bb7046606118f2b71a28295e00e138f445de 12.58MB / 37.56MB 0.6s
2025-12-22T21:12:42.4846632Z #8 sha256:bf7a74c583013ad6d345334be0b7e9a5c9e4779baf148648549930ab87bbc0ec 9.44MB / 92.90MB 0.6s
2025-12-22T21:12:42.4847321Z #8 sha256:75b35ac9c3be317fd5e4b14793cd8868916353486205a3b3f1faf6fd1b731fc0 0B / 188.86MB 0.2s
2025-12-22T21:12:42.6352273Z #8 sha256:940d5c441ed8243ebd505e7186c0bb7046606118f2b71a28295e00e138f445de 14.68MB / 37.56MB 0.8s
2025-12-22T21:12:42.8332889Z #8 sha256:940d5c441ed8243ebd505e7186c0bb7046606118f2b71a28295e00e138f445de 19.92MB / 37.56MB 1.1s
2025-12-22T21:12:42.8334106Z #8 sha256:bf7a74c583013ad6d345334be0b7e9a5c9e4779baf148648549930ab87bbc0ec 14.68MB / 92.90MB 0.9s
2025-12-22T21:12:43.1330828Z #8 sha256:940d5c441ed8243ebd505e7186c0bb7046606118f2b71a28295e00e138f445de 25.17MB / 37.56MB 1.4s
2025-12-22T21:12:43.1332486Z #8 sha256:bf7a74c583013ad6d345334be0b7e9a5c9e4779baf148648549930ab87bbc0ec 19.92MB / 92.90MB 1.2s
2025-12-22T21:12:43.1333473Z #8 sha256:d2164ab589c9c4918f8d90c765c081894c2b00b0062fc28262bf488540683fea 19.92MB / 332.90MB 1.2s
2025-12-22T21:12:43.1334629Z #8 sha256:75b35ac9c3be317fd5e4b14793cd8868916353486205a3b3f1faf6fd1b731fc0 14.68MB / 188.86MB 0.8s
2025-12-22T21:12:43.2830086Z #8 sha256:bf7a74c583013ad6d345334be0b7e9a5c9e4779baf148648549930ab87bbc0ec 25.17MB / 92.90MB 1.4s
2025-12-22T21:12:43.4329830Z #8 sha256:940d5c441ed8243ebd505e7186c0bb7046606118f2b71a28295e00e138f445de 30.41MB / 37.56MB 1.7s
2025-12-22T21:12:43.5830426Z #8 sha256:940d5c441ed8243ebd505e7186c0bb7046606118f2b71a28295e00e138f445de 35.65MB / 37.56MB 1.8s
2025-12-22T21:12:43.5832236Z #8 sha256:bf7a74c583013ad6d345334be0b7e9a5c9e4779baf148648549930ab87bbc0ec 30.41MB / 92.90MB 1.7s
2025-12-22T21:12:43.7359968Z #8 sha256:940d5c441ed8243ebd505e7186c0bb7046606118f2b71a28295e00e138f445de 37.56MB / 37.56MB 1.9s done
2025-12-22T21:12:43.7360913Z #8 sha256:bf7a74c583013ad6d345334be0b7e9a5c9e4779baf148648549930ab87bbc0ec 35.65MB / 92.90MB 2.0s
2025-12-22T21:12:43.7361703Z #8 sha256:75b35ac9c3be317fd5e4b14793cd8868916353486205a3b3f1faf6fd1b731fc0 25.17MB / 188.86MB 1.4s
2025-12-22T21:12:43.8495321Z #8 ...
2025-12-22T21:12:43.8495761Z 
2025-12-22T21:12:43.8496497Z #9 [minimum_size 1/5] FROM docker.io/library/fedora:latest@sha256:6cd815d862109208adf6040ea13391fe6aeb87a9dc80735c2ab07083fdf5e03a
2025-12-22T21:12:43.8498123Z #9 resolve docker.io/library/fedora:latest@sha256:6cd815d862109208adf6040ea13391fe6aeb87a9dc80735c2ab07083fdf5e03a done
2025-12-22T21:12:43.8499690Z #9 sha256:1216d224fefc3a2cfe385c01d94f17eba988ac4ae9a2bb0f877868bbf25f488b 67.34MB / 67.34MB 0.9s done
2025-12-22T21:12:43.8501214Z #9 extracting sha256:1216d224fefc3a2cfe385c01d94f17eba988ac4ae9a2bb0f877868bbf25f488b 1.2s done
2025-12-22T21:12:43.8502105Z #9 DONE 2.1s
2025-12-22T21:12:43.8502370Z 
2025-12-22T21:12:43.8503319Z #8 [deploy 1/3] FROM public.ecr.aws/aws-iot-securetunneling-localproxy/fedora-base:amd64-latest@sha256:78265ed940972fdb77029fccb00acdfe6307780c703c68f6cc24b11345b6ae5b
2025-12-22T21:12:43.8504800Z #8 sha256:bd045df7bdce4972110146ef9bc1762b60e92f3cc0b1c5df1866e2fefb7ed947 0B / 122B 0.2s
2025-12-22T21:12:44.0017863Z #8 sha256:d2164ab589c9c4918f8d90c765c081894c2b00b0062fc28262bf488540683fea 40.89MB / 332.90MB 2.1s
2025-12-22T21:12:44.0018940Z #8 sha256:bd045df7bdce4972110146ef9bc1762b60e92f3cc0b1c5df1866e2fefb7ed947 122B / 122B 0.2s done
2025-12-22T21:12:44.0019929Z #8 sha256:0aa5e6daca314e0fc48d421ab8de2c40532ee47a50b3b7bc9989c4a53cd144ce 0B / 245.37MB 0.2s
2025-12-22T21:12:44.1515978Z #8 sha256:bf7a74c583013ad6d345334be0b7e9a5c9e4779baf148648549930ab87bbc0ec 40.89MB / 92.90MB 2.3s
2025-12-22T21:12:44.1517326Z #8 sha256:75b35ac9c3be317fd5e4b14793cd8868916353486205a3b3f1faf6fd1b731fc0 35.65MB / 188.86MB 1.8s
2025-12-22T21:12:44.3012474Z #8 sha256:bf7a74c583013ad6d345334be0b7e9a5c9e4779baf148648549930ab87bbc0ec 46.14MB / 92.90MB 2.4s
2025-12-22T21:12:44.6015446Z #8 sha256:0aa5e6daca314e0fc48d421ab8de2c40532ee47a50b3b7bc9989c4a53cd144ce 14.68MB / 245.37MB 0.8s
2025-12-22T21:12:44.7515123Z #8 sha256:bf7a74c583013ad6d345334be0b7e9a5c9e4779baf148648549930ab87bbc0ec 51.38MB / 92.90MB 2.9s
2025-12-22T21:12:44.7516947Z #8 sha256:75b35ac9c3be317fd5e4b14793cd8868916353486205a3b3f1faf6fd1b731fc0 46.14MB / 188.86MB 2.4s
2025-12-22T21:12:44.9011119Z #8 sha256:bf7a74c583013ad6d345334be0b7e9a5c9e4779baf148648549930ab87bbc0ec 56.62MB / 92.90MB 3.0s
2025-12-22T21:12:45.0515812Z #8 sha256:d2164ab589c9c4918f8d90c765c081894c2b00b0062fc28262bf488540683fea 61.87MB / 332.90MB 3.2s
2025-12-22T21:12:45.0517478Z #8 sha256:0aa5e6daca314e0fc48d421ab8de2c40532ee47a50b3b7bc9989c4a53cd144ce 30.41MB / 245.37MB 1.2s
2025-12-22T21:12:45.3512096Z #8 sha256:bf7a74c583013ad6d345334be0b7e9a5c9e4779baf148648549930ab87bbc0ec 61.87MB / 92.90MB 3.5s
2025-12-22T21:12:45.3512993Z #8 sha256:75b35ac9c3be317fd5e4b14793cd8868916353486205a3b3f1faf6fd1b731fc0 56.62MB / 188.86MB 3.0s
2025-12-22T21:12:45.6527773Z #8 sha256:bf7a74c583013ad6d345334be0b7e9a5c9e4779baf148648549930ab87bbc0ec 67.11MB / 92.90MB 3.8s
2025-12-22T21:12:45.8011409Z #8 sha256:bf7a74c583013ad6d345334be0b7e9a5c9e4779baf148648549930ab87bbc0ec 72.35MB / 92.90MB 3.9s
2025-12-22T21:12:45.8012353Z #8 sha256:0aa5e6daca314e0fc48d421ab8de2c40532ee47a50b3b7bc9989c4a53cd144ce 46.14MB / 245.37MB 2.0s
2025-12-22T21:12:45.9513201Z #8 sha256:75b35ac9c3be317fd5e4b14793cd8868916353486205a3b3f1faf6fd1b731fc0 67.11MB / 188.86MB 3.6s
2025-12-22T21:12:46.1011638Z #8 sha256:bf7a74c583013ad6d345334be0b7e9a5c9e4779baf148648549930ab87bbc0ec 77.59MB / 92.90MB 4.2s
2025-12-22T21:12:46.1012482Z #8 sha256:d2164ab589c9c4918f8d90c765c081894c2b00b0062fc28262bf488540683fea 82.84MB / 332.90MB 4.2s
2025-12-22T21:12:46.2511227Z #8 sha256:75b35ac9c3be317fd5e4b14793cd8868916353486205a3b3f1faf6fd1b731fc0 77.59MB / 188.86MB 3.9s
2025-12-22T21:12:46.2512521Z #8 sha256:0aa5e6daca314e0fc48d421ab8de2c40532ee47a50b3b7bc9989c4a53cd144ce 61.87MB / 245.37MB 2.4s
2025-12-22T21:12:46.4084493Z #8 sha256:bf7a74c583013ad6d345334be0b7e9a5c9e4779baf148648549930ab87bbc0ec 82.84MB / 92.90MB 4.5s
2025-12-22T21:12:46.7012818Z #8 sha256:bf7a74c583013ad6d345334be0b7e9a5c9e4779baf148648549930ab87bbc0ec 92.90MB / 92.90MB 4.8s done
2025-12-22T21:12:46.7013934Z #8 sha256:75b35ac9c3be317fd5e4b14793cd8868916353486205a3b3f1faf6fd1b731fc0 88.08MB / 188.86MB 4.4s
2025-12-22T21:12:47.0018904Z #8 sha256:0aa5e6daca314e0fc48d421ab8de2c40532ee47a50b3b7bc9989c4a53cd144ce 77.59MB / 245.37MB 3.2s
2025-12-22T21:12:47.1515760Z #8 sha256:d2164ab589c9c4918f8d90c765c081894c2b00b0062fc28262bf488540683fea 103.81MB / 332.90MB 5.3s
2025-12-22T21:12:47.1517184Z #8 sha256:75b35ac9c3be317fd5e4b14793cd8868916353486205a3b3f1faf6fd1b731fc0 98.57MB / 188.86MB 4.8s
2025-12-22T21:12:47.6012938Z #8 sha256:0aa5e6daca314e0fc48d421ab8de2c40532ee47a50b3b7bc9989c4a53cd144ce 93.32MB / 245.37MB 3.8s
2025-12-22T21:12:47.7520890Z #8 sha256:75b35ac9c3be317fd5e4b14793cd8868916353486205a3b3f1faf6fd1b731fc0 109.05MB / 188.86MB 5.4s
2025-12-22T21:12:48.2011916Z #8 sha256:d2164ab589c9c4918f8d90c765c081894c2b00b0062fc28262bf488540683fea 124.78MB / 332.90MB 6.3s
2025-12-22T21:12:48.2013255Z #8 sha256:0aa5e6daca314e0fc48d421ab8de2c40532ee47a50b3b7bc9989c4a53cd144ce 109.05MB / 245.37MB 4.4s
2025-12-22T21:12:48.3510952Z #8 sha256:75b35ac9c3be317fd5e4b14793cd8868916353486205a3b3f1faf6fd1b731fc0 119.54MB / 188.86MB 6.0s
2025-12-22T21:12:48.8016600Z #8 sha256:75b35ac9c3be317fd5e4b14793cd8868916353486205a3b3f1faf6fd1b731fc0 130.02MB / 188.86MB 6.5s
2025-12-22T21:12:48.9513381Z #8 sha256:0aa5e6daca314e0fc48d421ab8de2c40532ee47a50b3b7bc9989c4a53cd144ce 124.78MB / 245.37MB 5.1s
2025-12-22T21:12:49.1016292Z #8 sha256:d2164ab589c9c4918f8d90c765c081894c2b00b0062fc28262bf488540683fea 145.75MB / 332.90MB 7.2s
2025-12-22T21:12:49.7012409Z #8 sha256:0aa5e6daca314e0fc48d421ab8de2c40532ee47a50b3b7bc9989c4a53cd144ce 140.51MB / 245.37MB 5.9s
2025-12-22T21:12:49.8513024Z #8 sha256:75b35ac9c3be317fd5e4b14793cd8868916353486205a3b3f1faf6fd1b731fc0 140.51MB / 188.86MB 7.5s
2025-12-22T21:12:50.0018150Z #8 sha256:d2164ab589c9c4918f8d90c765c081894c2b00b0062fc28262bf488540683fea 166.72MB / 332.90MB 8.1s
2025-12-22T21:12:50.3023236Z #8 sha256:75b35ac9c3be317fd5e4b14793cd8868916353486205a3b3f1faf6fd1b731fc0 150.99MB / 188.86MB 8.0s
2025-12-22T21:12:50.4520114Z #8 sha256:0aa5e6daca314e0fc48d421ab8de2c40532ee47a50b3b7bc9989c4a53cd144ce 156.24MB / 245.37MB 6.6s
2025-12-22T21:12:50.6011945Z #8 sha256:75b35ac9c3be317fd5e4b14793cd8868916353486205a3b3f1faf6fd1b731fc0 161.48MB / 188.86MB 8.3s
2025-12-22T21:12:50.7509713Z #8 sha256:d2164ab589c9c4918f8d90c765c081894c2b00b0062fc28262bf488540683fea 187.70MB / 332.90MB 8.9s
2025-12-22T21:12:51.0511421Z #8 sha256:0aa5e6daca314e0fc48d421ab8de2c40532ee47a50b3b7bc9989c4a53cd144ce 170.92MB / 245.37MB 7.2s
2025-12-22T21:12:51.2018583Z #8 sha256:75b35ac9c3be317fd5e4b14793cd8868916353486205a3b3f1faf6fd1b731fc0 171.97MB / 188.86MB 8.9s
2025-12-22T21:12:51.6511239Z #8 sha256:75b35ac9c3be317fd5e4b14793cd8868916353486205a3b3f1faf6fd1b731fc0 182.45MB / 188.86MB 9.3s
2025-12-22T21:12:51.8016745Z #8 sha256:d2164ab589c9c4918f8d90c765c081894c2b00b0062fc28262bf488540683fea 208.67MB / 332.90MB 9.9s
2025-12-22T21:12:51.8017685Z #8 sha256:0aa5e6daca314e0fc48d421ab8de2c40532ee47a50b3b7bc9989c4a53cd144ce 187.70MB / 245.37MB 8.0s
2025-12-22T21:12:52.0683698Z #8 sha256:75b35ac9c3be317fd5e4b14793cd8868916353486205a3b3f1faf6fd1b731fc0 188.86MB / 188.86MB 9.8s done
2025-12-22T21:12:52.5514787Z #8 sha256:0aa5e6daca314e0fc48d421ab8de2c40532ee47a50b3b7bc9989c4a53cd144ce 203.42MB / 245.37MB 8.7s
2025-12-22T21:12:52.8518558Z #8 sha256:d2164ab589c9c4918f8d90c765c081894c2b00b0062fc28262bf488540683fea 229.64MB / 332.90MB 11.0s
2025-12-22T21:12:53.6013745Z #8 sha256:0aa5e6daca314e0fc48d421ab8de2c40532ee47a50b3b7bc9989c4a53cd144ce 219.15MB / 245.37MB 9.8s
2025-12-22T21:12:53.7520596Z #8 sha256:d2164ab589c9c4918f8d90c765c081894c2b00b0062fc28262bf488540683fea 246.42MB / 332.90MB 11.9s
2025-12-22T21:12:54.2017652Z #8 sha256:0aa5e6daca314e0fc48d421ab8de2c40532ee47a50b3b7bc9989c4a53cd144ce 234.88MB / 245.37MB 10.4s
2025-12-22T21:12:54.3521867Z #8 sha256:d2164ab589c9c4918f8d90c765c081894c2b00b0062fc28262bf488540683fea 266.34MB / 332.90MB 12.5s
2025-12-22T21:12:55.2878348Z #8 sha256:d2164ab589c9c4918f8d90c765c081894c2b00b0062fc28262bf488540683fea 287.31MB / 332.90MB 13.5s
2025-12-22T21:12:55.2879570Z #8 sha256:0aa5e6daca314e0fc48d421ab8de2c40532ee47a50b3b7bc9989c4a53cd144ce 245.37MB / 245.37MB 11.3s done
2025-12-22T21:12:55.2880761Z #8 extracting sha256:0aa5e6daca314e0fc48d421ab8de2c40532ee47a50b3b7bc9989c4a53cd144ce
2025-12-22T21:12:56.4877744Z #8 sha256:d2164ab589c9c4918f8d90c765c081894c2b00b0062fc28262bf488540683fea 308.28MB / 332.90MB 14.7s
2025-12-22T21:12:57.2379647Z #8 sha256:d2164ab589c9c4918f8d90c765c081894c2b00b0062fc28262bf488540683fea 325.06MB / 332.90MB 15.5s
2025-12-22T21:12:58.0712250Z #8 sha256:d2164ab589c9c4918f8d90c765c081894c2b00b0062fc28262bf488540683fea 332.90MB / 332.90MB 16.1s done
2025-12-22T21:12:58.3385090Z #8 extracting sha256:0aa5e6daca314e0fc48d421ab8de2c40532ee47a50b3b7bc9989c4a53cd144ce 3.2s done
2025-12-22T21:12:58.3385822Z #8 DONE 16.6s
2025-12-22T21:12:58.4956927Z 
2025-12-22T21:12:58.4958082Z #8 [deploy 1/3] FROM public.ecr.aws/aws-iot-securetunneling-localproxy/fedora-base:amd64-latest@sha256:78265ed940972fdb77029fccb00acdfe6307780c703c68f6cc24b11345b6ae5b
2025-12-22T21:12:58.4959848Z #8 extracting sha256:bd045df7bdce4972110146ef9bc1762b60e92f3cc0b1c5df1866e2fefb7ed947 done
2025-12-22T21:12:58.4960573Z #8 extracting sha256:4f4fb700ef54461cfa02571ae0db9a0dc1e0cdb5577484a6d75e68dc38e8acc1 done
2025-12-22T21:12:58.4961271Z #8 extracting sha256:75b35ac9c3be317fd5e4b14793cd8868916353486205a3b3f1faf6fd1b731fc0
2025-12-22T21:13:01.2240074Z #8 extracting sha256:75b35ac9c3be317fd5e4b14793cd8868916353486205a3b3f1faf6fd1b731fc0 2.9s done
2025-12-22T21:13:01.2240581Z #8 DONE 19.5s
2025-12-22T21:13:01.4296906Z 
2025-12-22T21:13:01.4298241Z #8 [deploy 1/3] FROM public.ecr.aws/aws-iot-securetunneling-localproxy/fedora-base:amd64-latest@sha256:78265ed940972fdb77029fccb00acdfe6307780c703c68f6cc24b11345b6ae5b
2025-12-22T21:13:01.4299206Z #8 extracting sha256:4f4fb700ef54461cfa02571ae0db9a0dc1e0cdb5577484a6d75e68dc38e8acc1 done
2025-12-22T21:13:01.4299934Z #8 extracting sha256:effe0f4e28a625ce816c619dfd2f7c9c4ce7c1ac16b15e13775f160c1a8b3437 0.0s done
2025-12-22T21:13:01.4300606Z #8 extracting sha256:d2164ab589c9c4918f8d90c765c081894c2b00b0062fc28262bf488540683fea
2025-12-22T21:13:12.7024847Z #8 extracting sha256:d2164ab589c9c4918f8d90c765c081894c2b00b0062fc28262bf488540683fea 11.4s done
2025-12-22T21:13:12.7025557Z #8 DONE 31.0s
2025-12-22T21:13:12.8573145Z 
2025-12-22T21:13:12.8574692Z #8 [deploy 1/3] FROM public.ecr.aws/aws-iot-securetunneling-localproxy/fedora-base:amd64-latest@sha256:78265ed940972fdb77029fccb00acdfe6307780c703c68f6cc24b11345b6ae5b
2025-12-22T21:13:12.8576217Z #8 extracting sha256:4f4fb700ef54461cfa02571ae0db9a0dc1e0cdb5577484a6d75e68dc38e8acc1 done
2025-12-22T21:13:12.8577221Z #8 extracting sha256:bf7a74c583013ad6d345334be0b7e9a5c9e4779baf148648549930ab87bbc0ec
2025-12-22T21:13:14.2764419Z #8 extracting sha256:bf7a74c583013ad6d345334be0b7e9a5c9e4779baf148648549930ab87bbc0ec 1.6s done
2025-12-22T21:13:14.2765024Z #8 DONE 32.6s
2025-12-22T21:13:14.4305829Z 
2025-12-22T21:13:14.4307015Z #8 [deploy 1/3] FROM public.ecr.aws/aws-iot-securetunneling-localproxy/fedora-base:amd64-latest@sha256:78265ed940972fdb77029fccb00acdfe6307780c703c68f6cc24b11345b6ae5b
2025-12-22T21:13:14.4308547Z #8 extracting sha256:4f4fb700ef54461cfa02571ae0db9a0dc1e0cdb5577484a6d75e68dc38e8acc1 done
2025-12-22T21:13:14.4309543Z #8 extracting sha256:940d5c441ed8243ebd505e7186c0bb7046606118f2b71a28295e00e138f445de
2025-12-22T21:13:14.5521536Z #8 extracting sha256:940d5c441ed8243ebd505e7186c0bb7046606118f2b71a28295e00e138f445de 0.3s done
2025-12-22T21:13:14.5522263Z #8 DONE 32.8s
2025-12-22T21:13:14.7026957Z 
2025-12-22T21:13:14.7027528Z #10 [deploy 2/3] COPY . /root/aws-iot-securetunneling-localproxy
2025-12-22T21:13:18.0237543Z #10 DONE 3.5s
2025-12-22T21:13:18.1518728Z 
2025-12-22T21:13:18.1519805Z #11 [deploy 3/3] RUN mkdir -p /root/aws-iot-securetunneling-localproxy/build     && cd /root/aws-iot-securetunneling-localproxy/build     && cmake ..     && make
2025-12-22T21:13:18.1521035Z #11 0.053 CMake Deprecation Warning at CMakeLists.txt:1 (cmake_minimum_required):
2025-12-22T21:13:18.1521799Z #11 0.053   Compatibility with CMake < 3.10 will be removed from a future version of
2025-12-22T21:13:18.1522377Z #11 0.053   CMake.
2025-12-22T21:13:18.1522662Z #11 0.053 
2025-12-22T21:13:18.1523093Z #11 0.053   Update the VERSION argument <min> value.  Or, use the <min>...<max> syntax
2025-12-22T21:13:18.1523854Z #11 0.053   to tell CMake that the project requires at least <min> but has been updated
2025-12-22T21:13:18.1524846Z #11 0.053   to work with policies introduced by <max> or earlier.
2025-12-22T21:13:18.1525320Z #11 0.053 
2025-12-22T21:13:18.1525562Z #11 0.053 
2025-12-22T21:13:18.1525922Z #11 0.127 -- The CXX compiler identification is GNU 15.2.1
2025-12-22T21:13:18.2539566Z #11 0.135 -- Detecting CXX compiler ABI info
2025-12-22T21:13:18.2540074Z #11 0.229 -- Detecting CXX compiler ABI info - done
2025-12-22T21:13:18.3855393Z #11 0.241 -- Check for working CXX compiler: /usr/sbin/c++ - skipped
2025-12-22T21:13:18.3856086Z #11 0.241 -- Detecting CXX compile features
2025-12-22T21:13:18.3856562Z #11 0.242 -- Detecting CXX compile features - done
2025-12-22T21:13:18.3856981Z #11 0.251 -- Found Git: /usr/sbin/git (found version "2.52.0")
2025-12-22T21:13:18.3857494Z #11 0.254 -- Using Git to calculate AWS IoT Secure Tunneling Local Proxy version information...
2025-12-22T21:13:18.3858410Z #11 0.260 -- Generated AWS IoT Secure Tunneling Local Proxy version: v3.1.28-d9fb758
2025-12-22T21:13:18.3859031Z #11 0.261 -- Performing Test CMAKE_HAVE_LIBC_PTHREAD
2025-12-22T21:13:18.3859533Z #11 0.361 -- Performing Test CMAKE_HAVE_LIBC_PTHREAD - Success
2025-12-22T21:13:18.5469054Z #11 0.362 -- Found Threads: TRUE
2025-12-22T21:13:18.5469951Z #11 0.372 -- Found Protobuf: /usr/local/lib64/libprotobuf.a (found suitable version "3.17.3", minimum required is "3.17.3")
2025-12-22T21:13:18.6102154Z #11 0.586 -- Found OpenSSL: /usr/local/lib64/libcrypto.a (found version "3.0.12")
2025-12-22T21:13:18.8324817Z #11 0.586 CMake Warning (dev) at CMakeLists.txt:119 (find_package):
2025-12-22T21:13:18.8325625Z #11 0.586   Policy CMP0167 is not set: The FindBoost module is removed.  Run "cmake
2025-12-22T21:13:18.8326476Z #11 0.586   --help-policy CMP0167" for policy details.  Use the cmake_policy command to
2025-12-22T21:13:18.8327189Z #11 0.586   set the policy and suppress this warning.
2025-12-22T21:13:18.8327647Z #11 0.586 
2025-12-22T21:13:18.8328447Z #11 0.586 This warning is for project developers.  Use -Wno-dev to suppress it.
2025-12-22T21:13:18.8329038Z #11 0.586 
2025-12-22T21:13:18.8330321Z #11 0.602 -- Found Boost: /usr/local/lib/cmake/Boost-1.87.0/BoostConfig.cmake (found suitable version "1.87.0", minimum required is "1.87.0") found components: system log log_setup thread program_options date_time filesystem chrono
2025-12-22T21:13:18.8331787Z #11 0.604 -- Configuring done (0.6s)
2025-12-22T21:13:18.8332222Z #11 0.608 -- Generating done (0.0s)
2025-12-22T21:13:18.8332898Z #11 0.608 -- Build files have been written to: /root/aws-iot-securetunneling-localproxy/build
2025-12-22T21:13:18.8334040Z #11 0.633 [ 10%] Running cpp protocol buffer compiler on /root/aws-iot-securetunneling-localproxy/resources/Message.proto
2025-12-22T21:13:18.8335215Z #11 0.657 [ 20%] Building CXX object CMakeFiles/localproxy.dir/src/main.cpp.o
2025-12-22T21:13:28.5158803Z #11 10.49 [ 30%] Building CXX object CMakeFiles/localproxy.dir/src/TcpAdapterProxy.cpp.o
2025-12-22T21:13:45.7202148Z #11 27.70 [ 40%] Building CXX object CMakeFiles/localproxy.dir/src/ProxySettings.cpp.o
2025-12-22T21:13:48.4063789Z #11 30.38 [ 50%] Building CXX object CMakeFiles/localproxy.dir/src/WebProxyAdapter.cpp.o
2025-12-22T21:14:02.4878237Z #11 44.46 [ 60%] Building CXX object CMakeFiles/localproxy.dir/Message.pb.cc.o
2025-12-22T21:14:03.2157649Z #11 45.19 [ 70%] Building CXX object CMakeFiles/localproxy.dir/src/WebSocketStream.cpp.o
2025-12-22T21:14:52.4809103Z #11 94.46 [ 80%] Building CXX object CMakeFiles/localproxy.dir/src/config/ConfigFile.cpp.o
2025-12-22T21:14:58.5506804Z #11 100.5 [ 90%] Building CXX object CMakeFiles/localproxy.dir/src/Url.cpp.o
2025-12-22T21:15:00.5189270Z #11 102.5 [100%] Linking CXX executable bin/localproxy
2025-12-22T21:15:00.9097072Z #11 102.9 [100%] Built target localproxy
2025-12-22T21:15:01.0689653Z #11 DONE 102.9s
2025-12-22T21:15:01.0690108Z 
2025-12-22T21:15:01.0690966Z #12 [minimum_size 2/5] COPY --from=deploy /root/aws-iot-securetunneling-localproxy/build/bin/localproxy /root/bin/localproxy
2025-12-22T21:15:01.0692009Z #12 DONE 0.0s
2025-12-22T21:15:01.0692202Z 
2025-12-22T21:15:01.0692712Z #13 [minimum_size 3/5] COPY ./.github/docker-images/oss-compliance /root/oss-compliance
2025-12-22T21:15:01.0693446Z #13 DONE 0.0s
2025-12-22T21:15:01.0693612Z 
2025-12-22T21:15:01.0696278Z #14 [minimum_size 4/5] RUN HOME_DIR=/root     && cd ${HOME_DIR}/oss-compliance     && chmod +x ${HOME_DIR}/oss-compliance/generate-oss-compliance.sh     && chmod +x ${HOME_DIR}/oss-compliance/test/test-oss-compliance.sh     && bash ${HOME_DIR}/oss-compliance/generate-oss-compliance.sh ${HOME_DIR}     && rm -rf ${HOME_DIR}/oss-compliance*
2025-12-22T21:15:01.0698118Z #14 0.082 Updating and loading repositories:
2025-12-22T21:15:02.5075908Z #14 1.521  Fedora 43 openh264 (From Cisco) - x86_ 100% |   4.6 KiB/s |   5.8 KiB |  00m01s
2025-12-22T21:15:03.1117995Z #14 2.125  Fedora 43 - x86_64                     100% |  17.8 MiB/s |  36.2 MiB |  00m02s
2025-12-22T21:15:03.2128822Z #14 2.226  Fedora 43 - x86_64 - Updates           100% |   3.9 MiB/s |   6.9 MiB |  00m02s
2025-12-22T21:15:06.9121587Z #14 5.925 Repositories loaded.
2025-12-22T21:15:07.0044777Z #14 5.950 No matching packages to list
2025-12-22T21:15:07.0047189Z #14 5.961 /root/LINUX_PACKAGES_LICENSES doesn't exist which is needed for license attribution compliance.
2025-12-22T21:15:07.0050033Z #14 ERROR: process "/bin/sh -c HOME_DIR=/root     && cd ${HOME_DIR}/oss-compliance     && chmod +x ${HOME_DIR}/oss-compliance/generate-oss-compliance.sh     && chmod +x ${HOME_DIR}/oss-compliance/test/test-oss-compliance.sh     && bash ${HOME_DIR}/oss-compliance/generate-oss-compliance.sh ${HOME_DIR}     && rm -rf ${HOME_DIR}/oss-compliance*" did not complete successfully: exit code: 1
2025-12-22T21:15:07.0051794Z ------
2025-12-22T21:15:07.0053751Z  > [minimum_size 4/5] RUN HOME_DIR=/root     && cd ${HOME_DIR}/oss-compliance     && chmod +x ${HOME_DIR}/oss-compliance/generate-oss-compliance.sh     && chmod +x ${HOME_DIR}/oss-compliance/test/test-oss-compliance.sh     && bash ${HOME_DIR}/oss-compliance/generate-oss-compliance.sh ${HOME_DIR}     && rm -rf ${HOME_DIR}/oss-compliance*:
2025-12-22T21:15:07.0055912Z 0.082 Updating and loading repositories:
2025-12-22T21:15:07.0056583Z 1.521  Fedora 43 openh264 (From Cisco) - x86_ 100% |   4.6 KiB/s |   5.8 KiB |  00m01s
2025-12-22T21:15:07.0057270Z 2.125  Fedora 43 - x86_64                     100% |  17.8 MiB/s |  36.2 MiB |  00m02s
2025-12-22T21:15:07.0057859Z 2.226  Fedora 43 - x86_64 - Updates           100% |   3.9 MiB/s |   6.9 MiB |  00m02s
2025-12-22T21:15:07.0058427Z 5.925 Repositories loaded.
2025-12-22T21:15:07.0058748Z 5.950 No matching packages to list
2025-12-22T21:15:07.0059401Z 5.961 /root/LINUX_PACKAGES_LICENSES doesn't exist which is needed for license attribution compliance.
2025-12-22T21:15:07.0060046Z ------
2025-12-22T21:15:07.0060214Z 
2025-12-22T21:15:07.0060663Z  [33m1 warning found (use docker --debug to expand):
2025-12-22T21:15:07.0061754Z [0m - InvalidDefaultArgInFrom: Default value for ARG ${BASE_IMAGE} results in empty or invalid base image name (line 2)
2025-12-22T21:15:07.0062586Z Dockerfile:19
2025-12-22T21:15:07.0063091Z --------------------
2025-12-22T21:15:07.0063577Z   18 |     COPY ./.github/docker-images/oss-compliance /root/oss-compliance
2025-12-22T21:15:07.0064315Z   19 | >>> RUN HOME_DIR=/root \
2025-12-22T21:15:07.0064709Z   20 | >>>     && cd ${HOME_DIR}/oss-compliance \
2025-12-22T21:15:07.0065276Z   21 | >>>     && chmod +x ${HOME_DIR}/oss-compliance/generate-oss-compliance.sh \
2025-12-22T21:15:07.0065933Z   22 | >>>     && chmod +x ${HOME_DIR}/oss-compliance/test/test-oss-compliance.sh \
2025-12-22T21:15:07.0066647Z   23 | >>>     && bash ${HOME_DIR}/oss-compliance/generate-oss-compliance.sh ${HOME_DIR} \
2025-12-22T21:15:07.0067268Z   24 | >>>     && rm -rf ${HOME_DIR}/oss-compliance*
2025-12-22T21:15:07.0067681Z   25 |     
2025-12-22T21:15:07.0068170Z --------------------
2025-12-22T21:15:07.0070118Z ERROR: failed to build: failed to solve: process "/bin/sh -c HOME_DIR=/root     && cd ${HOME_DIR}/oss-compliance     && chmod +x ${HOME_DIR}/oss-compliance/generate-oss-compliance.sh     && chmod +x ${HOME_DIR}/oss-compliance/test/test-oss-compliance.sh     && bash ${HOME_DIR}/oss-compliance/generate-oss-compliance.sh ${HOME_DIR}     && rm -rf ${HOME_DIR}/oss-compliance*" did not complete successfully: exit code: 1
2025-12-22T21:15:07.0176000Z ##[error]buildx failed with: ERROR: failed to build: failed to solve: process "/bin/sh -c HOME_DIR=/root     && cd ${HOME_DIR}/oss-compliance     && chmod +x ${HOME_DIR}/oss-compliance/generate-oss-compliance.sh     && chmod +x ${HOME_DIR}/oss-compliance/test/test-oss-compliance.sh     && bash ${HOME_DIR}/oss-compliance/generate-oss-compliance.sh ${HOME_DIR}     && rm -rf ${HOME_DIR}/oss-compliance*" did not complete successfully: exit code: 1
2025-12-22T21:15:07.0248126Z Post job cleanup.
2025-12-22T21:15:07.1475100Z ##[group]Removing temp folder /tmp/docker-actions-toolkit-pq2JL8
2025-12-22T21:15:07.1483658Z ##[endgroup]
2025-12-22T21:15:07.1565127Z Post job cleanup.
2025-12-22T21:15:07.2773099Z ##[group]Removing builder
2025-12-22T21:15:07.3920348Z [command]/usr/bin/docker buildx rm builder-72c92cdc-9948-4d6e-b3c5-fc5f21b1c55e
2025-12-22T21:15:09.7728627Z builder-72c92cdc-9948-4d6e-b3c5-fc5f21b1c55e removed
2025-12-22T21:15:09.7751511Z ##[endgroup]
2025-12-22T21:15:09.7752081Z ##[group]Cleaning up certificates
2025-12-22T21:15:09.7758503Z ##[endgroup]
2025-12-22T21:15:09.7861037Z Post job cleanup.
2025-12-22T21:15:09.8693750Z [command]/usr/bin/git version
2025-12-22T21:15:09.8727825Z git version 2.52.0
2025-12-22T21:15:09.8765617Z Temporarily overriding HOME='/home/runner/work/_temp/272c4fb4-f525-4235-ae33-5d18b246f0c4' before making global git config changes
2025-12-22T21:15:09.8766294Z Adding repository directory to the temporary git global config as a safe directory
2025-12-22T21:15:09.8769349Z [command]/usr/bin/git config --global --add safe.directory /home/runner/work/aws-iot-securetunneling-localproxy/aws-iot-securetunneling-localproxy
2025-12-22T21:15:09.8797762Z [command]/usr/bin/git config --local --name-only --get-regexp core\.sshCommand
2025-12-22T21:15:09.8822622Z [command]/usr/bin/git submodule foreach --recursive sh -c "git config --local --name-only --get-regexp 'core\.sshCommand' && git config --local --unset-all 'core.sshCommand' || :"
2025-12-22T21:15:09.8996330Z [command]/usr/bin/git config --local --name-only --get-regexp http\.https\:\/\/github\.com\/\.extraheader
2025-12-22T21:15:09.9013974Z http.https://github.com/.extraheader
2025-12-22T21:15:09.9023762Z [command]/usr/bin/git config --local --unset-all http.https://github.com/.extraheader
2025-12-22T21:15:09.9048768Z [command]/usr/bin/git submodule foreach --recursive sh -c "git config --local --name-only --get-regexp 'http\.https\:\/\/github\.com\/\.extraheader' && git config --local --unset-all 'http.https://github.com/.extraheader' || :"
2025-12-22T21:15:09.9325612Z Post job cleanup.
2025-12-22T21:15:10.0339306Z Cleaning up orphan processes